Archive member included to satisfy reference by file (symbol)

C:/ST/STM32CubeIDE_1.13.2/STM32CubeIDE/plugins/com.st.stm32cube.ide.mcu.externaltools.gnu-tools-for-stm32.11.3.rel1.win32_1.1.1.202309131626/tools/bin/../lib/gcc/arm-none-eabi/11.3.1/../../../../arm-none-eabi/lib/thumb/v7e-m+fp/hard\libc_nano.a(libc_a-exit.o)
                              C:/ST/STM32CubeIDE_1.13.2/STM32CubeIDE/plugins/com.st.stm32cube.ide.mcu.externaltools.gnu-tools-for-stm32.11.3.rel1.win32_1.1.1.202309131626/tools/bin/../lib/gcc/arm-none-eabi/11.3.1/../../../../arm-none-eabi/lib/thumb/v7e-m+fp/hard/crt0.o (exit)
C:/ST/STM32CubeIDE_1.13.2/STM32CubeIDE/plugins/com.st.stm32cube.ide.mcu.externaltools.gnu-tools-for-stm32.11.3.rel1.win32_1.1.1.202309131626/tools/bin/../lib/gcc/arm-none-eabi/11.3.1/../../../../arm-none-eabi/lib/thumb/v7e-m+fp/hard\libc_nano.a(libc_a-findfp.o)
                              C:/ST/STM32CubeIDE_1.13.2/STM32CubeIDE/plugins/com.st.stm32cube.ide.mcu.externaltools.gnu-tools-for-stm32.11.3.rel1.win32_1.1.1.202309131626/tools/bin/../lib/gcc/arm-none-eabi/11.3.1/../../../../arm-none-eabi/lib/thumb/v7e-m+fp/hard\libc_nano.a(libc_a-exit.o) (__stdio_exit_handler)
C:/ST/STM32CubeIDE_1.13.2/STM32CubeIDE/plugins/com.st.stm32cube.ide.mcu.externaltools.gnu-tools-for-stm32.11.3.rel1.win32_1.1.1.202309131626/tools/bin/../lib/gcc/arm-none-eabi/11.3.1/../../../../arm-none-eabi/lib/thumb/v7e-m+fp/hard\libc_nano.a(libc_a-fwalk.o)
                              C:/ST/STM32CubeIDE_1.13.2/STM32CubeIDE/plugins/com.st.stm32cube.ide.mcu.externaltools.gnu-tools-for-stm32.11.3.rel1.win32_1.1.1.202309131626/tools/bin/../lib/gcc/arm-none-eabi/11.3.1/../../../../arm-none-eabi/lib/thumb/v7e-m+fp/hard\libc_nano.a(libc_a-findfp.o) (_fwalk_sglue)
C:/ST/STM32CubeIDE_1.13.2/STM32CubeIDE/plugins/com.st.stm32cube.ide.mcu.externaltools.gnu-tools-for-stm32.11.3.rel1.win32_1.1.1.202309131626/tools/bin/../lib/gcc/arm-none-eabi/11.3.1/../../../../arm-none-eabi/lib/thumb/v7e-m+fp/hard\libc_nano.a(libc_a-stdio.o)
                              C:/ST/STM32CubeIDE_1.13.2/STM32CubeIDE/plugins/com.st.stm32cube.ide.mcu.externaltools.gnu-tools-for-stm32.11.3.rel1.win32_1.1.1.202309131626/tools/bin/../lib/gcc/arm-none-eabi/11.3.1/../../../../arm-none-eabi/lib/thumb/v7e-m+fp/hard\libc_nano.a(libc_a-findfp.o) (__sread)
C:/ST/STM32CubeIDE_1.13.2/STM32CubeIDE/plugins/com.st.stm32cube.ide.mcu.externaltools.gnu-tools-for-stm32.11.3.rel1.win32_1.1.1.202309131626/tools/bin/../lib/gcc/arm-none-eabi/11.3.1/../../../../arm-none-eabi/lib/thumb/v7e-m+fp/hard\libc_nano.a(libc_a-memset.o)
                              C:/ST/STM32CubeIDE_1.13.2/STM32CubeIDE/plugins/com.st.stm32cube.ide.mcu.externaltools.gnu-tools-for-stm32.11.3.rel1.win32_1.1.1.202309131626/tools/bin/../lib/gcc/arm-none-eabi/11.3.1/../../../../arm-none-eabi/lib/thumb/v7e-m+fp/hard/crt0.o (memset)
C:/ST/STM32CubeIDE_1.13.2/STM32CubeIDE/plugins/com.st.stm32cube.ide.mcu.externaltools.gnu-tools-for-stm32.11.3.rel1.win32_1.1.1.202309131626/tools/bin/../lib/gcc/arm-none-eabi/11.3.1/../../../../arm-none-eabi/lib/thumb/v7e-m+fp/hard\libc_nano.a(libc_a-closer.o)
                              C:/ST/STM32CubeIDE_1.13.2/STM32CubeIDE/plugins/com.st.stm32cube.ide.mcu.externaltools.gnu-tools-for-stm32.11.3.rel1.win32_1.1.1.202309131626/tools/bin/../lib/gcc/arm-none-eabi/11.3.1/../../../../arm-none-eabi/lib/thumb/v7e-m+fp/hard\libc_nano.a(libc_a-stdio.o) (_close_r)
C:/ST/STM32CubeIDE_1.13.2/STM32CubeIDE/plugins/com.st.stm32cube.ide.mcu.externaltools.gnu-tools-for-stm32.11.3.rel1.win32_1.1.1.202309131626/tools/bin/../lib/gcc/arm-none-eabi/11.3.1/../../../../arm-none-eabi/lib/thumb/v7e-m+fp/hard\libc_nano.a(libc_a-reent.o)
                              C:/ST/STM32CubeIDE_1.13.2/STM32CubeIDE/plugins/com.st.stm32cube.ide.mcu.externaltools.gnu-tools-for-stm32.11.3.rel1.win32_1.1.1.202309131626/tools/bin/../lib/gcc/arm-none-eabi/11.3.1/../../../../arm-none-eabi/lib/thumb/v7e-m+fp/hard\libc_nano.a(libc_a-closer.o) (errno)
C:/ST/STM32CubeIDE_1.13.2/STM32CubeIDE/plugins/com.st.stm32cube.ide.mcu.externaltools.gnu-tools-for-stm32.11.3.rel1.win32_1.1.1.202309131626/tools/bin/../lib/gcc/arm-none-eabi/11.3.1/../../../../arm-none-eabi/lib/thumb/v7e-m+fp/hard\libc_nano.a(libc_a-impure.o)
                              C:/ST/STM32CubeIDE_1.13.2/STM32CubeIDE/plugins/com.st.stm32cube.ide.mcu.externaltools.gnu-tools-for-stm32.11.3.rel1.win32_1.1.1.202309131626/tools/bin/../lib/gcc/arm-none-eabi/11.3.1/../../../../arm-none-eabi/lib/thumb/v7e-m+fp/hard\libc_nano.a(libc_a-reent.o) (_impure_ptr)
C:/ST/STM32CubeIDE_1.13.2/STM32CubeIDE/plugins/com.st.stm32cube.ide.mcu.externaltools.gnu-tools-for-stm32.11.3.rel1.win32_1.1.1.202309131626/tools/bin/../lib/gcc/arm-none-eabi/11.3.1/../../../../arm-none-eabi/lib/thumb/v7e-m+fp/hard\libc_nano.a(libc_a-lseekr.o)
[...]
Memory Configuration

Name             Origin             Length             Attributes
CCMRAM           0x0000000010000000 0x0000000000010000 xrw
RAM              0x0000000020000000 0x0000000000020000 xrw
FLASH            0x0000000008000000 0x0000000000100000 xr
*default*        0x0000000000000000 0xffffffffffffffff

Linker script and memory map

LOAD C:/ST/STM32CubeIDE_1.13.2/STM32CubeIDE/plugins/com.st.stm32cube.ide.mcu.externaltools.gnu-tools-for-stm32.11.3.rel1.win32_1.1.1.202309131626/tools/bin/../lib/gcc/arm-none-eabi/11.3.1/thumb/v7e-m+fp/hard/crti.o
LOAD C:/ST/STM32CubeIDE_1.13.2/STM32CubeIDE/plugins/com.st.stm32cube.ide.mcu.externaltools.gnu-tools-for-stm32.11.3.rel1.win32_1.1.1.202309131626/tools/bin/../lib/gcc/arm-none-eabi/11.3.1/thumb/v7e-m+fp/hard/crtbegin.o
LOAD C:/ST/STM32CubeIDE_1.13.2/STM32CubeIDE/plugins/com.st.stm32cube.ide.mcu.externaltools.gnu-tools-for-stm32.11.3.rel1.win32_1.1.1.202309131626/tools/bin/../lib/gcc/arm-none-eabi/11.3.1/../../../../arm-none-eabi/lib/thumb/v7e-m+fp/hard/crt0.o
LOAD ./Core/Src/cs43l22.o
LOAD ./Core/Src/main.o
LOAD ./Core/Src/stm32f4xx_hal_msp.o
LOAD ./Core/Src/stm32f4xx_it.o
LOAD ./Core/Src/syscalls.o
LOAD ./Core/Src/sysmem.o
LOAD ./Core/Src/system_stm32f4xx.o
LOAD ./Core/Startup/startup_stm32f407vgtx.o
LOAD ./Drivers/STM32F4xx_HAL_Driver/Src/stm32f4xx_hal.o
LOAD ./Drivers/STM32F4xx_HAL_Driver/Src/stm32f4xx_hal_cortex.o
LOAD ./Drivers/STM32F4xx_HAL_Driver/Src/stm32f4xx_hal_dma.o
LOAD ./Drivers/STM32F4xx_HAL_Driver/Src/stm32f4xx_hal_dma_ex.o
LOAD ./Drivers/STM32F4xx_HAL_Driver/Src/stm32f4xx_hal_exti.o
LOAD ./Drivers/STM32F4xx_HAL_Driver/Src/stm32f4xx_hal_flash.o
LOAD ./Drivers/STM32F4xx_HAL_Driver/Src/stm32f4xx_hal_flash_ex.o
LOAD ./Drivers/STM32F4xx_HAL_Driver/Src/stm32f4xx_hal_flash_ramfunc.o
LOAD ./Drivers/STM32F4xx_HAL_Driver/Src/stm32f4xx_hal_gpio.o
LOAD ./Drivers/STM32F4xx_HAL_Driver/Src/stm32f4xx_hal_i2c.o
LOAD ./Drivers/STM32F4xx_HAL_Driver/Src/stm32f4xx_hal_i2c_ex.o
LOAD ./Drivers/STM32F4xx_HAL_Driver/Src/stm32f4xx_hal_i2s.o
LOAD ./Drivers/STM32F4xx_HAL_Driver/Src/stm32f4xx_hal_i2s_ex.o
LOAD ./Drivers/STM32F4xx_HAL_Driver/Src/stm32f4xx_hal_pcd.o
LOAD ./Drivers/STM32F4xx_HAL_Driver/Src/stm32f4xx_hal_pcd_ex.o
LOAD ./Drivers/STM32F4xx_HAL_Driver/Src/stm32f4xx_hal_pwr.o
LOAD ./Drivers/STM32F4xx_HAL_Driver/Src/stm32f4xx_hal_pwr_ex.o
LOAD ./Drivers/STM32F4xx_HAL_Driver/Src/stm32f4xx_hal_rcc.o
LOAD ./Drivers/STM32F4xx_HAL_Driver/Src/stm32f4xx_hal_rcc_ex.o
LOAD ./Drivers/STM32F4xx_HAL_Driver/Src/stm32f4xx_hal_tim.o
LOAD ./Drivers/STM32F4xx_HAL_Driver/Src/stm32f4xx_hal_tim_ex.o
LOAD ./Drivers/STM32F4xx_HAL_Driver/Src/stm32f4xx_ll_usb.o
LOAD ./Middlewares/ST/STM32_USB_Device_Library/Class/AUDIO/Src/usbd_audio.o
LOAD ./Middlewares/ST/STM32_USB_Device_Library/Core/Src/usbd_core.o
LOAD ./Middlewares/ST/STM32_USB_Device_Library/Core/Src/usbd_ctlreq.o
LOAD ./Middlewares/ST/STM32_USB_Device_Library/Core/Src/usbd_ioreq.o
LOAD ./USB_DEVICE/App/usb_device.o
LOAD ./USB_DEVICE/App/usbd_audio_if.o
LOAD ./USB_DEVICE/App/usbd_desc.o
LOAD ./USB_DEVICE/Target/usbd_conf.o
START GROUP
LOAD C:/ST/STM32CubeIDE_1.13.2/STM32CubeIDE/plugins/com.st.stm32cube.ide.mcu.externaltools.gnu-tools-for-stm32.11.3.rel1.win32_1.1.1.202309131626/tools/bin/../lib/gcc/arm-none-eabi/11.3.1/../../../../arm-none-eabi/lib/thumb/v7e-m+fp/hard\libc_nano.a
LOAD C:/ST/STM32CubeIDE_1.13.2/STM32CubeIDE/plugins/com.st.stm32cube.ide.mcu.externaltools.gnu-tools-for-stm32.11.3.rel1.win32_1.1.1.202309131626/tools/bin/../lib/gcc/arm-none-eabi/11.3.1/../../../../arm-none-eabi/lib/thumb/v7e-m+fp/hard\libm.a
END GROUP
START GROUP
LOAD C:/ST/STM32CubeIDE_1.13.2/STM32CubeIDE/plugins/com.st.stm32cube.ide.mcu.externaltools.gnu-tools-for-stm32.11.3.rel1.win32_1.1.1.202309131626/tools/bin/../lib/gcc/arm-none-eabi/11.3.1/thumb/v7e-m+fp/hard\libgcc.a
LOAD C:/ST/STM32CubeIDE_1.13.2/STM32CubeIDE/plugins/com.st.stm32cube.ide.mcu.externaltools.gnu-tools-for-stm32.11.3.rel1.win32_1.1.1.202309131626/tools/bin/../lib/gcc/arm-none-eabi/11.3.1/../../../../arm-none-eabi/lib/thumb/v7e-m+fp/hard\libc_nano.a
END GROUP
START GROUP
LOAD C:/ST/STM32CubeIDE_1.13.2/STM32CubeIDE/plugins/com.st.stm32cube.ide.mcu.externaltools.gnu-tools-for-stm32.11.3.rel1.win32_1.1.1.202309131626/tools/bin/../lib/gcc/arm-none-eabi/11.3.1/thumb/v7e-m+fp/hard\libgcc.a
LOAD C:/ST/STM32CubeIDE_1.13.2/STM32CubeIDE/plugins/com.st.stm32cube.ide.mcu.externaltools.gnu-tools-for-stm32.11.3.rel1.win32_1.1.1.202309131626/tools/bin/../lib/gcc/arm-none-eabi/11.3.1/../../../../arm-none-eabi/lib/thumb/v7e-m+fp/hard\libc_nano.a
LOAD C:/ST/STM32CubeIDE_1.13.2/STM32CubeIDE/plugins/com.st.stm32cube.ide.mcu.externaltools.gnu-tools-for-stm32.11.3.rel1.win32_1.1.1.202309131626/tools/bin/../lib/gcc/arm-none-eabi/11.3.1/../../../../arm-none-eabi/lib/thumb/v7e-m+fp/hard\libnosys.a
END GROUP
START GROUP
LOAD C:/ST/STM32CubeIDE_1.13.2/STM32CubeIDE/plugins/com.st.stm32cube.ide.mcu.externaltools.gnu-tools-for-stm32.11.3.rel1.win32_1.1.1.202309131626/tools/bin/../lib/gcc/arm-none-eabi/11.3.1/thumb/v7e-m+fp/hard\libgcc.a
LOAD C:/ST/STM32CubeIDE_1.13.2/STM32CubeIDE/plugins/com.st.stm32cube.ide.mcu.externaltools.gnu-tools-for-stm32.11.3.rel1.win32_1.1.1.202309131626/tools/bin/../lib/gcc/arm-none-eabi/11.3.1/../../../../arm-none-eabi/lib/thumb/v7e-m+fp/hard\libc_nano.a
LOAD C:/ST/STM32CubeIDE_1.13.2/STM32CubeIDE/plugins/com.st.stm32cube.ide.mcu.externaltools.gnu-tools-for-stm32.11.3.rel1.win32_1.1.1.202309131626/tools/bin/../lib/gcc/arm-none-eabi/11.3.1/../../../../arm-none-eabi/lib/thumb/v7e-m+fp/hard\libnosys.a
END GROUP
LOAD C:/ST/STM32CubeIDE_1.13.2/STM32CubeIDE/plugins/com.st.stm32cube.ide.mcu.externaltools.gnu-tools-for-stm32.11.3.rel1.win32_1.1.1.202309131626/tools/bin/../lib/gcc/arm-none-eabi/11.3.1/thumb/v7e-m+fp/hard/crtend.o
LOAD C:/ST/STM32CubeIDE_1.13.2/STM32CubeIDE/plugins/com.st.stm32cube.ide.mcu.externaltools.gnu-tools-for-stm32.11.3.rel1.win32_1.1.1.202309131626/tools/bin/../lib/gcc/arm-none-eabi/11.3.1/thumb/v7e-m+fp/hard/crtn.o
                0x0000000020020000                _estack = (ORIGIN (RAM) + LENGTH (RAM))
                0x0000000000000200                _Min_Heap_Size = 0x200
                0x0000000000000400                _Min_Stack_Size = 0x400

.isr_vector     0x0000000008000000      0x188
                0x0000000008000000                . = ALIGN (0x4)
 *(.isr_vector)
 .isr_vector    0x0000000008000000      0x188 ./Core/Startup/startup_stm32f407vgtx.o
                0x0000000008000000                g_pfnVectors
                0x0000000008000188                . = ALIGN (0x4)

.text           0x0000000008000188     0x91dc
                0x0000000008000188                . = ALIGN (0x4)
 *(.text)
 .text          0x0000000008000188       0x40 C:/ST/STM32CubeIDE_1.13.2/STM32CubeIDE/plugins/com.st.stm32cube.ide.mcu.externaltools.gnu-tools-for-stm32.11.3.rel1.win32_1.1.1.202309131626/tools/bin/../lib/gcc/arm-none-eabi/11.3.1/thumb/v7e-m+fp/hard/crtbegin.o
 .text          0x00000000080001c8       0x30 C:/ST/STM32CubeIDE_1.13.2/STM32CubeIDE/plugins/com.st.stm32cube.ide.mcu.externaltools.gnu-tools-for-stm32.11.3.rel1.win32_1.1.1.202309131626/tools/bin/../lib/gcc/arm-none-eabi/11.3.1/thumb/v7e-m+fp/hard\libgcc.a(_aeabi_uldivmod.o)
                0x00000000080001c8                __aeabi_uldivmod
 .text          0x00000000080001f8      0x2c8 C:/ST/STM32CubeIDE_1.13.2/STM32CubeIDE/plugins/com.st.stm32cube.ide.mcu.externaltools.gnu-tools-for-stm32.11.3.rel1.win32_1.1.1.202309131626/tools/bin/../lib/gcc/arm-none-eabi/11.3.1/thumb/v7e-m+fp/hard\libgcc.a(_udivmoddi4.o)
                0x00000000080001f8                __udivmoddi4
 .text          0x00000000080004c0        0x4 C:/ST/STM32CubeIDE_1.13.2/STM32CubeIDE/plugins/com.st.stm32cube.ide.mcu.externaltools.gnu-tools-for-stm32.11.3.rel1.win32_1.1.1.202309131626/tools/bin/../lib/gcc/arm-none-eabi/11.3.1/thumb/v7e-m+fp/hard\libgcc.a(_dvmd_tls.o)
                0x00000000080004c0                __aeabi_idiv0
                0x00000000080004c0                __aeabi_ldiv0
 *(.text*)
 .text.cs43l22_init
                0x00000000080004c4      0x168 ./Core/Src/cs43l22.o
                0x00000000080004c4                cs43l22_init
 .text.cs43l22_set_volume
                0x000000000800062c       0x6c ./Core/Src/cs43l22.o
                0x000000000800062c                cs43l22_set_volume
 .text.HAL_I2S_TxCpltCallback
                0x0000000008000698       0x20 ./Core/Src/cs43l22.o
                0x0000000008000698                HAL_I2S_TxCpltCallback
 .text.AUDIO_I2S_TxCpltCallback
                0x00000000080006b8        0xe ./Core/Src/cs43l22.o
                0x00000000080006b8                AUDIO_I2S_TxCpltCallback
 .text.main     0x00000000080006c6       0x2e ./Core/Src/main.o
                0x00000000080006c6                main
 .text.SystemClock_Config
                0x00000000080006f4       0xd4 ./Core/Src/main.o
                0x00000000080006f4                SystemClock_Config
 .text.MX_I2C1_Init
                0x00000000080007c8       0x5c ./Core/Src/main.o
 .text.MX_I2S3_Init
                0x0000000008000824       0x5c ./Core/Src/main.o
 .text.MX_TIM4_Init
                0x0000000008000880       0x9c ./Core/Src/main.o
 .text.MX_DMA_Init
                0x000000000800091c       0x40 ./Core/Src/main.o
 .text.MX_GPIO_Init
                0x000000000800095c      0x21c ./Core/Src/main.o
 .text.Error_Handler
                0x0000000008000b78        0xa ./Core/Src/main.o
                0x0000000008000b78                Error_Handler
 *fill*         0x0000000008000b82        0x2 
 .text.HAL_MspInit
                0x0000000008000b84       0x50 ./Core/Src/stm32f4xx_hal_msp.o
                0x0000000008000b84                HAL_MspInit
 .text.HAL_I2C_MspInit
                0x0000000008000bd4       0x90 ./Core/Src/stm32f4xx_hal_msp.o
                0x0000000008000bd4                HAL_I2C_MspInit
 .text.HAL_I2S_MspInit
                0x0000000008000c64      0x18c ./Core/Src/stm32f4xx_hal_msp.o
                0x0000000008000c64                HAL_I2S_MspInit
 .text.HAL_TIM_Base_MspInit
                0x0000000008000df0       0x44 ./Core/Src/stm32f4xx_hal_msp.o
                0x0000000008000df0                HAL_TIM_Base_MspInit
 .text.NMI_Handler
                0x0000000008000e34        0x6 ./Core/Src/stm32f4xx_it.o
                0x0000000008000e34                NMI_Handler
 .text.HardFault_Handler
                0x0000000008000e3a        0x6 ./Core/Src/stm32f4xx_it.o
                0x0000000008000e3a                HardFault_Handler
 .text.MemManage_Handler
                0x0000000008000e40        0x6 ./Core/Src/stm32f4xx_it.o
                0x0000000008000e40                MemManage_Handler
 .text.BusFault_Handler
                0x0000000008000e46        0x6 ./Core/Src/stm32f4xx_it.o
                0x0000000008000e46                BusFault_Handler
 .text.UsageFault_Handler
                0x0000000008000e4c        0x6 ./Core/Src/stm32f4xx_it.o
                0x0000000008000e4c                UsageFault_Handler
 .text.SVC_Handler
                0x0000000008000e52        0xe ./Core/Src/stm32f4xx_it.o
                0x0000000008000e52                SVC_Handler
 .text.DebugMon_Handler
                0x0000000008000e60        0xe ./Core/Src/stm32f4xx_it.o
                0x0000000008000e60                DebugMon_Handler
 .text.PendSV_Handler
                0x0000000008000e6e        0xe ./Core/Src/stm32f4xx_it.o
                0x0000000008000e6e                PendSV_Handler
 .text.SysTick_Handler
                0x0000000008000e7c        0xc ./Core/Src/stm32f4xx_it.o
                0x0000000008000e7c                SysTick_Handler
 .text.DMA1_Stream5_IRQHandler
                0x0000000008000e88       0x14 ./Core/Src/stm32f4xx_it.o
                0x0000000008000e88                DMA1_Stream5_IRQHandler
 .text.SPI3_IRQHandler
                0x0000000008000e9c       0x14 ./Core/Src/stm32f4xx_it.o
                0x0000000008000e9c                SPI3_IRQHandler
 .text.OTG_FS_IRQHandler
                0x0000000008000eb0       0x14 ./Core/Src/stm32f4xx_it.o
                0x0000000008000eb0                OTG_FS_IRQHandler
 .text.SystemInit
                0x0000000008000ec4       0x24 ./Core/Src/system_stm32f4xx.o
                0x0000000008000ec4                SystemInit
 .text.Reset_Handler
                0x0000000008000ee8       0x50 ./Core/Startup/startup_stm32f407vgtx.o
                0x0000000008000ee8                Reset_Handler
 .text.Default_Handler
                0x0000000008000f38        0x2 ./Core/Startup/startup_stm32f407vgtx.o
                0x0000000008000f38                RTC_Alarm_IRQHandler
                0x0000000008000f38                HASH_RNG_IRQHandler
                0x0000000008000f38                EXTI2_IRQHandler
                0x0000000008000f38                TIM8_CC_IRQHandler
                0x0000000008000f38                TIM1_CC_IRQHandler
                0x0000000008000f38                DMA2_Stream5_IRQHandler
                0x0000000008000f38                PVD_IRQHandler
                0x0000000008000f38                SDIO_IRQHandler
                0x0000000008000f38                TAMP_STAMP_IRQHandler
                0x0000000008000f38                CAN2_RX1_IRQHandler
                0x0000000008000f38                EXTI3_IRQHandler
                0x0000000008000f38                TIM8_TRG_COM_TIM14_IRQHandler
                0x0000000008000f38                TIM1_UP_TIM10_IRQHandler
                0x0000000008000f38                TIM8_UP_TIM13_IRQHandler
                0x0000000008000f38                I2C3_ER_IRQHandler
                0x0000000008000f38                EXTI0_IRQHandler
                0x0000000008000f38                I2C2_EV_IRQHandler
                0x0000000008000f38                DMA1_Stream2_IRQHandler
                0x0000000008000f38                CAN1_RX0_IRQHandler
                0x0000000008000f38                FPU_IRQHandler
                0x0000000008000f38                OTG_HS_WKUP_IRQHandler
                0x0000000008000f38                CAN2_SCE_IRQHandler
                0x0000000008000f38                DMA2_Stream2_IRQHandler
                0x0000000008000f38                SPI1_IRQHandler
                0x0000000008000f38                TIM6_DAC_IRQHandler
                0x0000000008000f38                TIM1_BRK_TIM9_IRQHandler
                0x0000000008000f38                DCMI_IRQHandler
                0x0000000008000f38                CAN2_RX0_IRQHandler
                0x0000000008000f38                DMA2_Stream3_IRQHandler
                0x0000000008000f38                USART6_IRQHandler
                0x0000000008000f38                USART3_IRQHandler
                0x0000000008000f38                CAN1_RX1_IRQHandler
                0x0000000008000f38                UART5_IRQHandler
                0x0000000008000f38                DMA2_Stream0_IRQHandler
                0x0000000008000f38                TIM4_IRQHandler
                0x0000000008000f38                I2C1_EV_IRQHandler
                0x0000000008000f38                DMA1_Stream6_IRQHandler
                0x0000000008000f38                DMA1_Stream1_IRQHandler
                0x0000000008000f38                UART4_IRQHandler
                0x0000000008000f38                TIM3_IRQHandler
                0x0000000008000f38                RCC_IRQHandler
                0x0000000008000f38                TIM8_BRK_TIM12_IRQHandler
                0x0000000008000f38                Default_Handler
                0x0000000008000f38                EXTI15_10_IRQHandler
                0x0000000008000f38                ADC_IRQHandler
                0x0000000008000f38                DMA1_Stream7_IRQHandler
                0x0000000008000f38                TIM7_IRQHandler
                0x0000000008000f38                CAN2_TX_IRQHandler
                0x0000000008000f38                TIM5_IRQHandler
                0x0000000008000f38                DMA2_Stream7_IRQHandler
                0x0000000008000f38                I2C3_EV_IRQHandler
                0x0000000008000f38                EXTI9_5_IRQHandler
                0x0000000008000f38                RTC_WKUP_IRQHandler
                0x0000000008000f38                ETH_WKUP_IRQHandler
                0x0000000008000f38                SPI2_IRQHandler
                0x0000000008000f38                OTG_HS_EP1_IN_IRQHandler
                0x0000000008000f38                DMA1_Stream0_IRQHandler
                0x0000000008000f38                CAN1_TX_IRQHandler
                0x0000000008000f38                EXTI4_IRQHandler
                0x0000000008000f38                FSMC_IRQHandler
                0x0000000008000f38                ETH_IRQHandler
                0x0000000008000f38                OTG_HS_EP1_OUT_IRQHandler
                0x0000000008000f38                WWDG_IRQHandler
                0x0000000008000f38                TIM2_IRQHandler
                0x0000000008000f38                OTG_FS_WKUP_IRQHandler
                0x0000000008000f38                TIM1_TRG_COM_TIM11_IRQHandler
                0x0000000008000f38                OTG_HS_IRQHandler
                0x0000000008000f38                EXTI1_IRQHandler
                0x0000000008000f38                USART2_IRQHandler
                0x0000000008000f38                I2C2_ER_IRQHandler
                0x0000000008000f38                DMA2_Stream1_IRQHandler
                0x0000000008000f38                CAN1_SCE_IRQHandler
                0x0000000008000f38                FLASH_IRQHandler
                0x0000000008000f38                DMA2_Stream4_IRQHandler
                0x0000000008000f38                USART1_IRQHandler
                0x0000000008000f38                DMA1_Stream4_IRQHandler
                0x0000000008000f38                I2C1_ER_IRQHandler
                0x0000000008000f38                DMA2_Stream6_IRQHandler
                0x0000000008000f38                DMA1_Stream3_IRQHandler
 *fill*         0x0000000008000f3a        0x2 
 .text.HAL_Init
                0x0000000008000f3c       0x44 ./Drivers/STM32F4xx_HAL_Driver/Src/stm32f4xx_hal.o
                0x0000000008000f3c                HAL_Init
 .text.HAL_InitTick
                0x0000000008000f80       0x60 ./Drivers/STM32F4xx_HAL_Driver/Src/stm32f4xx_hal.o
                0x0000000008000f80                HAL_InitTick
 .text.HAL_IncTick
                0x0000000008000fe0       0x28 ./Drivers/STM32F4xx_HAL_Driver/Src/stm32f4xx_hal.o
                0x0000000008000fe0                HAL_IncTick
 .text.HAL_GetTick
                0x0000000008001008       0x18 ./Drivers/STM32F4xx_HAL_Driver/Src/stm32f4xx_hal.o
                0x0000000008001008                HAL_GetTick
 .text.HAL_Delay
                0x0000000008001020       0x48 ./Drivers/STM32F4xx_HAL_Driver/Src/stm32f4xx_hal.o
                0x0000000008001020                HAL_Delay
 .text.__NVIC_SetPriorityGrouping
                0x0000000008001068       0x48 ./Drivers/STM32F4xx_HAL_Driver/Src/stm32f4xx_hal_cortex.o
 .text.__NVIC_GetPriorityGrouping
                0x00000000080010b0       0x1c ./Drivers/STM32F4xx_HAL_Driver/Src/stm32f4xx_hal_cortex.o
 .text.__NVIC_EnableIRQ
                0x00000000080010cc       0x3c ./Drivers/STM32F4xx_HAL_Driver/Src/stm32f4xx_hal_cortex.o
 .text.__NVIC_SetPriority
                0x0000000008001108       0x54 ./Drivers/STM32F4xx_HAL_Driver/Src/stm32f4xx_hal_cortex.o
 .text.NVIC_EncodePriority
                0x000000000800115c       0x66 ./Drivers/STM32F4xx_HAL_Driver/Src/stm32f4xx_hal_cortex.o
 *fill*         0x00000000080011c2        0x2 
 .text.SysTick_Config
                0x00000000080011c4       0x44 ./Drivers/STM32F4xx_HAL_Driver/Src/stm32f4xx_hal_cortex.o
 .text.HAL_NVIC_SetPriorityGrouping
                0x0000000008001208       0x16 ./Drivers/STM32F4xx_HAL_Driver/Src/stm32f4xx_hal_cortex.o
                0x0000000008001208                HAL_NVIC_SetPriorityGrouping
 .text.HAL_NVIC_SetPriority
                0x000000000800121e       0x38 ./Drivers/STM32F4xx_HAL_Driver/Src/stm32f4xx_hal_cortex.o
                0x000000000800121e                HAL_NVIC_SetPriority
 .text.HAL_NVIC_EnableIRQ
                0x0000000008001256       0x1c ./Drivers/STM32F4xx_HAL_Driver/Src/stm32f4xx_hal_cortex.o
                0x0000000008001256                HAL_NVIC_EnableIRQ
 .text.HAL_SYSTICK_Config
                0x0000000008001272       0x18 ./Drivers/STM32F4xx_HAL_Driver/Src/stm32f4xx_hal_cortex.o
                0x0000000008001272                HAL_SYSTICK_Config
 *fill*         0x000000000800128a        0x2 
 .text.HAL_DMA_Init
                0x000000000800128c      0x15c ./Drivers/STM32F4xx_HAL_Driver/Src/stm32f4xx_hal_dma.o
                0x000000000800128c                HAL_DMA_Init
 .text.HAL_DMA_IRQHandler
                0x00000000080013e8      0x314 ./Drivers/STM32F4xx_HAL_Driver/Src/stm32f4xx_hal_dma.o
                0x00000000080013e8                HAL_DMA_IRQHandler
 .text.DMA_CalcBaseAndBitshift
                0x00000000080016fc       0x6c ./Drivers/STM32F4xx_HAL_Driver/Src/stm32f4xx_hal_dma.o
 .text.DMA_CheckFifoParam
                0x0000000008001768       0xf8 ./Drivers/STM32F4xx_HAL_Driver/Src/stm32f4xx_hal_dma.o
 .text.HAL_GPIO_Init
                0x0000000008001860      0x338 ./Drivers/STM32F4xx_HAL_Driver/Src/stm32f4xx_hal_gpio.o
                0x0000000008001860                HAL_GPIO_Init
 .text.HAL_GPIO_WritePin
                0x0000000008001b98       0x32 ./Drivers/STM32F4xx_HAL_Driver/Src/stm32f4xx_hal_gpio.o
                0x0000000008001b98                HAL_GPIO_WritePin
 *fill*         0x0000000008001bca        0x2 
 .text.HAL_I2C_Init
                0x0000000008001bcc      0x288 ./Drivers/STM32F4xx_HAL_Driver/Src/stm32f4xx_hal_i2c.o
                0x0000000008001bcc                HAL_I2C_Init
 .text.HAL_I2C_Mem_Write
                0x0000000008001e54      0x1f4 ./Drivers/STM32F4xx_HAL_Driver/Src/stm32f4xx_hal_i2c.o
                0x0000000008001e54                HAL_I2C_Mem_Write
 .text.I2C_RequestMemoryWrite
                0x0000000008002048      0x12c ./Drivers/STM32F4xx_HAL_Driver/Src/stm32f4xx_hal_i2c.o
 .text.I2C_WaitOnFlagUntilTimeout
                0x0000000008002174       0xae ./Drivers/STM32F4xx_HAL_Driver/Src/stm32f4xx_hal_i2c.o
 .text.I2C_WaitOnMasterAddressFlagUntilTimeout
                0x0000000008002222       0xfe ./Drivers/STM32F4xx_HAL_Driver/Src/stm32f4xx_hal_i2c.o
 .text.I2C_WaitOnTXEFlagUntilTimeout
                0x0000000008002320       0x82 ./Drivers/STM32F4xx_HAL_Driver/Src/stm32f4xx_hal_i2c.o
 .text.I2C_WaitOnBTFFlagUntilTimeout
                0x00000000080023a2       0x82 ./Drivers/STM32F4xx_HAL_Driver/Src/stm32f4xx_hal_i2c.o
 .text.I2C_IsAcknowledgeFailed
                0x0000000008002424       0x5e ./Drivers/STM32F4xx_HAL_Driver/Src/stm32f4xx_hal_i2c.o
 *fill*         0x0000000008002482        0x2 
 .text.HAL_I2S_Init
                0x0000000008002484      0x280 ./Drivers/STM32F4xx_HAL_Driver/Src/stm32f4xx_hal_i2s.o
                0x0000000008002484                HAL_I2S_Init
 .text.HAL_I2S_IRQHandler
                0x0000000008002704       0x18 ./Drivers/STM32F4xx_HAL_Driver/Src/stm32f4xx_hal_i2s.o
                0x0000000008002704                HAL_I2S_IRQHandler
 .text.HAL_I2S_RxCpltCallback
                0x000000000800271c       0x14 ./Drivers/STM32F4xx_HAL_Driver/Src/stm32f4xx_hal_i2s.o
                0x000000000800271c                HAL_I2S_RxCpltCallback
 .text.HAL_I2S_ErrorCallback
                0x0000000008002730       0x14 ./Drivers/STM32F4xx_HAL_Driver/Src/stm32f4xx_hal_i2s.o
                0x0000000008002730                HAL_I2S_ErrorCallback
 .text.I2S_Transmit_IT
                0x0000000008002744       0x5c ./Drivers/STM32F4xx_HAL_Driver/Src/stm32f4xx_hal_i2s.o
 .text.I2S_Receive_IT
                0x00000000080027a0       0x5e ./Drivers/STM32F4xx_HAL_Driver/Src/stm32f4xx_hal_i2s.o
 .text.I2S_IRQHandler
                0x00000000080027fe      0x114 ./Drivers/STM32F4xx_HAL_Driver/Src/stm32f4xx_hal_i2s.o
 *fill*         0x0000000008002912        0x2 
 .text.HAL_I2SEx_FullDuplex_IRQHandler
                0x0000000008002914      0x2a8 ./Drivers/STM32F4xx_HAL_Driver/Src/stm32f4xx_hal_i2s_ex.o
                0x0000000008002914                HAL_I2SEx_FullDuplex_IRQHandler
 .text.HAL_I2SEx_TxRxCpltCallback
                0x0000000008002bbc       0x14 ./Drivers/STM32F4xx_HAL_Driver/Src/stm32f4xx_hal_i2s_ex.o
                0x0000000008002bbc                HAL_I2SEx_TxRxCpltCallback
 .text.I2SEx_TxISR_I2S
                0x0000000008002bd0       0x62 ./Drivers/STM32F4xx_HAL_Driver/Src/stm32f4xx_hal_i2s_ex.o
 *fill*         0x0000000008002c32        0x2 
 .text.I2SEx_TxISR_I2SExt
                0x0000000008002c34       0x98 ./Drivers/STM32F4xx_HAL_Driver/Src/stm32f4xx_hal_i2s_ex.o
 .text.I2SEx_RxISR_I2S
                0x0000000008002ccc       0x64 ./Drivers/STM32F4xx_HAL_Driver/Src/stm32f4xx_hal_i2s_ex.o
 .text.I2SEx_RxISR_I2SExt
                0x0000000008002d30       0x98 ./Drivers/STM32F4xx_HAL_Driver/Src/stm32f4xx_hal_i2s_ex.o
 .text.HAL_PCD_Init
                0x0000000008002dc8      0x23a ./Drivers/STM32F4xx_HAL_Driver/Src/stm32f4xx_hal_pcd.o
                0x0000000008002dc8                HAL_PCD_Init
 .text.HAL_PCD_Start
                0x0000000008003002       0x66 ./Drivers/STM32F4xx_HAL_Driver/Src/stm32f4xx_hal_pcd.o
                0x0000000008003002                HAL_PCD_Start
 .text.HAL_PCD_IRQHandler
                0x0000000008003068      0x93e ./Drivers/STM32F4xx_HAL_Driver/Src/stm32f4xx_hal_pcd.o
                0x0000000008003068                HAL_PCD_IRQHandler
 .text.HAL_PCD_SetAddress
                0x00000000080039a6       0x4a ./Drivers/STM32F4xx_HAL_Driver/Src/stm32f4xx_hal_pcd.o
                0x00000000080039a6                HAL_PCD_SetAddress
 .text.HAL_PCD_EP_Open
                0x00000000080039f0       0xd0 ./Drivers/STM32F4xx_HAL_Driver/Src/stm32f4xx_hal_pcd.o
                0x00000000080039f0                HAL_PCD_EP_Open
 .text.HAL_PCD_EP_Close
                0x0000000008003ac0       0x94 ./Drivers/STM32F4xx_HAL_Driver/Src/stm32f4xx_hal_pcd.o
                0x0000000008003ac0                HAL_PCD_EP_Close
 .text.HAL_PCD_EP_Receive
                0x0000000008003b54       0x96 ./Drivers/STM32F4xx_HAL_Driver/Src/stm32f4xx_hal_pcd.o
                0x0000000008003b54                HAL_PCD_EP_Receive
 .text.HAL_PCD_EP_GetRxCount
                0x0000000008003bea       0x30 ./Drivers/STM32F4xx_HAL_Driver/Src/stm32f4xx_hal_pcd.o
                0x0000000008003bea                HAL_PCD_EP_GetRxCount
 .text.HAL_PCD_EP_Transmit
                0x0000000008003c1a       0x94 ./Drivers/STM32F4xx_HAL_Driver/Src/stm32f4xx_hal_pcd.o
                0x0000000008003c1a                HAL_PCD_EP_Transmit
 .text.HAL_PCD_EP_SetStall
                0x0000000008003cae       0xc8 ./Drivers/STM32F4xx_HAL_Driver/Src/stm32f4xx_hal_pcd.o
                0x0000000008003cae                HAL_PCD_EP_SetStall
 .text.HAL_PCD_EP_ClrStall
                0x0000000008003d76       0xac ./Drivers/STM32F4xx_HAL_Driver/Src/stm32f4xx_hal_pcd.o
                0x0000000008003d76                HAL_PCD_EP_ClrStall
 .text.HAL_PCD_EP_Abort
                0x0000000008003e22       0x62 ./Drivers/STM32F4xx_HAL_Driver/Src/stm32f4xx_hal_pcd.o
                0x0000000008003e22                HAL_PCD_EP_Abort
 .text.PCD_WriteEmptyTxFifo
                0x0000000008003e84      0x11a ./Drivers/STM32F4xx_HAL_Driver/Src/stm32f4xx_hal_pcd.o
 *fill*         0x0000000008003f9e        0x2 
 .text.PCD_EP_OutXfrComplete_int
                0x0000000008003fa0      0x1d0 ./Drivers/STM32F4xx_HAL_Driver/Src/stm32f4xx_hal_pcd.o
 .text.PCD_EP_OutSetupPacket_int
                0x0000000008004170       0x8c ./Drivers/STM32F4xx_HAL_Driver/Src/stm32f4xx_hal_pcd.o
 .text.HAL_PCDEx_SetTxFiFo
                0x00000000080041fc       0x8e ./Drivers/STM32F4xx_HAL_Driver/Src/stm32f4xx_hal_pcd_ex.o
                0x00000000080041fc                HAL_PCDEx_SetTxFiFo
 .text.HAL_PCDEx_SetRxFiFo
                0x000000000800428a       0x22 ./Drivers/STM32F4xx_HAL_Driver/Src/stm32f4xx_hal_pcd_ex.o
                0x000000000800428a                HAL_PCDEx_SetRxFiFo
 .text.HAL_PCDEx_LPM_Callback
                0x00000000080042ac       0x18 ./Drivers/STM32F4xx_HAL_Driver/Src/stm32f4xx_hal_pcd_ex.o
                0x00000000080042ac                HAL_PCDEx_LPM_Callback
 .text.HAL_RCC_OscConfig
                0x00000000080042c4      0x4f0 ./Drivers/STM32F4xx_HAL_Driver/Src/stm32f4xx_hal_rcc.o
                0x00000000080042c4                HAL_RCC_OscConfig
 .text.HAL_RCC_ClockConfig
                0x00000000080047b4      0x1cc ./Drivers/STM32F4xx_HAL_Driver/Src/stm32f4xx_hal_rcc.o
                0x00000000080047b4                HAL_RCC_ClockConfig
 .text.HAL_RCC_GetSysClockFreq
                0x0000000008004980      0x20c ./Drivers/STM32F4xx_HAL_Driver/Src/stm32f4xx_hal_rcc.o
                0x0000000008004980                HAL_RCC_GetSysClockFreq
 .text.HAL_RCC_GetHCLKFreq
                0x0000000008004b8c       0x18 ./Drivers/STM32F4xx_HAL_Driver/Src/stm32f4xx_hal_rcc.o
                0x0000000008004b8c                HAL_RCC_GetHCLKFreq
 .text.HAL_RCC_GetPCLK1Freq
                0x0000000008004ba4       0x28 ./Drivers/STM32F4xx_HAL_Driver/Src/stm32f4xx_hal_rcc.o
                0x0000000008004ba4                HAL_RCC_GetPCLK1Freq
 .text.HAL_RCCEx_PeriphCLKConfig
                0x0000000008004bcc      0x1c4 ./Drivers/STM32F4xx_HAL_Driver/Src/stm32f4xx_hal_rcc_ex.o
                0x0000000008004bcc                HAL_RCCEx_PeriphCLKConfig
 .text.HAL_RCCEx_GetPeriphCLKFreq
                0x0000000008004d90       0xbc ./Drivers/STM32F4xx_HAL_Driver/Src/stm32f4xx_hal_rcc_ex.o
                0x0000000008004d90                HAL_RCCEx_GetPeriphCLKFreq
 .text.HAL_TIM_Base_Init
                0x0000000008004e4c       0x9e ./Drivers/STM32F4xx_HAL_Driver/Src/stm32f4xx_hal_tim.o
                0x0000000008004e4c                HAL_TIM_Base_Init
 .text.HAL_TIM_ConfigClockSource
                0x0000000008004eea      0x18e ./Drivers/STM32F4xx_HAL_Driver/Src/stm32f4xx_hal_tim.o
                0x0000000008004eea                HAL_TIM_ConfigClockSource
 .text.TIM_Base_SetConfig
                0x0000000008005078      0x140 ./Drivers/STM32F4xx_HAL_Driver/Src/stm32f4xx_hal_tim.o
                0x0000000008005078                TIM_Base_SetConfig
 .text.TIM_TI1_ConfigInputStage
                0x00000000080051b8       0x5e ./Drivers/STM32F4xx_HAL_Driver/Src/stm32f4xx_hal_tim.o
 .text.TIM_TI2_ConfigInputStage
                0x0000000008005216       0x60 ./Drivers/STM32F4xx_HAL_Driver/Src/stm32f4xx_hal_tim.o
 .text.TIM_ITRx_SetConfig
                0x0000000008005276       0x36 ./Drivers/STM32F4xx_HAL_Driver/Src/stm32f4xx_hal_tim.o
 .text.TIM_ETR_SetConfig
                0x00000000080052ac       0x40 ./Drivers/STM32F4xx_HAL_Driver/Src/stm32f4xx_hal_tim.o
                0x00000000080052ac                TIM_ETR_SetConfig
 .text.HAL_TIMEx_MasterConfigSynchronization
                0x00000000080052ec       0xf8 ./Drivers/STM32F4xx_HAL_Driver/Src/stm32f4xx_hal_tim_ex.o
                0x00000000080052ec                HAL_TIMEx_MasterConfigSynchronization
 .text.USB_CoreInit
                0x00000000080053e4       0xc2 ./Drivers/STM32F4xx_HAL_Driver/Src/stm32f4xx_ll_usb.o
                0x00000000080053e4                USB_CoreInit
 *fill*         0x00000000080054a6        0x2 
 .text.USB_SetTurnaroundTime
                0x00000000080054a8      0x144 ./Drivers/STM32F4xx_HAL_Driver/Src/stm32f4xx_ll_usb.o
                0x00000000080054a8                USB_SetTurnaroundTime
 .text.USB_EnableGlobalInt
                0x00000000080055ec       0x22 ./Drivers/STM32F4xx_HAL_Driver/Src/stm32f4xx_ll_usb.o
                0x00000000080055ec                USB_EnableGlobalInt
 .text.USB_DisableGlobalInt
                0x000000000800560e       0x22 ./Drivers/STM32F4xx_HAL_Driver/Src/stm32f4xx_ll_usb.o
                0x000000000800560e                USB_DisableGlobalInt
 .text.USB_SetCurrentMode
                0x0000000008005630       0x98 ./Drivers/STM32F4xx_HAL_Driver/Src/stm32f4xx_ll_usb.o
                0x0000000008005630                USB_SetCurrentMode
 .text.USB_DevInit
                0x00000000080056c8      0x2c8 ./Drivers/STM32F4xx_HAL_Driver/Src/stm32f4xx_ll_usb.o
                0x00000000080056c8                USB_DevInit
 .text.USB_FlushTxFifo
                0x0000000008005990       0x68 ./Drivers/STM32F4xx_HAL_Driver/Src/stm32f4xx_ll_usb.o
                0x0000000008005990                USB_FlushTxFifo
 .text.USB_FlushRxFifo
                0x00000000080059f8       0x60 ./Drivers/STM32F4xx_HAL_Driver/Src/stm32f4xx_ll_usb.o
                0x00000000080059f8                USB_FlushRxFifo
 .text.USB_SetDevSpeed
                0x0000000008005a58       0x32 ./Drivers/STM32F4xx_HAL_Driver/Src/stm32f4xx_ll_usb.o
                0x0000000008005a58                USB_SetDevSpeed
 .text.USB_GetDevSpeed
                0x0000000008005a8a       0x4a ./Drivers/STM32F4xx_HAL_Driver/Src/stm32f4xx_ll_usb.o
                0x0000000008005a8a                USB_GetDevSpeed
 .text.USB_ActivateEndpoint
                0x0000000008005ad4      0x10e ./Drivers/STM32F4xx_HAL_Driver/Src/stm32f4xx_ll_usb.o
                0x0000000008005ad4                USB_ActivateEndpoint
 *fill*         0x0000000008005be2        0x2 
 .text.USB_DeactivateEndpoint
                0x0000000008005be4      0x1b8 ./Drivers/STM32F4xx_HAL_Driver/Src/stm32f4xx_ll_usb.o
                0x0000000008005be4                USB_DeactivateEndpoint
 .text.USB_EPStartXfer
                0x0000000008005d9c      0x490 ./Drivers/STM32F4xx_HAL_Driver/Src/stm32f4xx_ll_usb.o
                0x0000000008005d9c                USB_EPStartXfer
 .text.USB_EP0StartXfer
                0x000000000800622c      0x2b0 ./Drivers/STM32F4xx_HAL_Driver/Src/stm32f4xx_ll_usb.o
                0x000000000800622c                USB_EP0StartXfer
 .text.USB_EPStopXfer
                0x00000000080064dc      0x154 ./Drivers/STM32F4xx_HAL_Driver/Src/stm32f4xx_ll_usb.o
                0x00000000080064dc                USB_EPStopXfer
 .text.USB_WritePacket
                0x0000000008006630       0x7c ./Drivers/STM32F4xx_HAL_Driver/Src/stm32f4xx_ll_usb.o
                0x0000000008006630                USB_WritePacket
 .text.USB_ReadPacket
                0x00000000080066ac       0xb0 ./Drivers/STM32F4xx_HAL_Driver/Src/stm32f4xx_ll_usb.o
                0x00000000080066ac                USB_ReadPacket
 .text.USB_EPSetStall
                0x000000000800675c       0xdc ./Drivers/STM32F4xx_HAL_Driver/Src/stm32f4xx_ll_usb.o
                0x000000000800675c                USB_EPSetStall
 .text.USB_EPClearStall
                0x0000000008006838       0xcc ./Drivers/STM32F4xx_HAL_Driver/Src/stm32f4xx_ll_usb.o
                0x0000000008006838                USB_EPClearStall
 .text.USB_SetDevAddress
                0x0000000008006904       0x4c ./Drivers/STM32F4xx_HAL_Driver/Src/stm32f4xx_ll_usb.o
                0x0000000008006904                USB_SetDevAddress
 .text.USB_DevConnect
                0x0000000008006950       0x42 ./Drivers/STM32F4xx_HAL_Driver/Src/stm32f4xx_ll_usb.o
                0x0000000008006950                USB_DevConnect
 .text.USB_DevDisconnect
                0x0000000008006992       0x42 ./Drivers/STM32F4xx_HAL_Driver/Src/stm32f4xx_ll_usb.o
                0x0000000008006992                USB_DevDisconnect
 .text.USB_ReadInterrupts
                0x00000000080069d4       0x26 ./Drivers/STM32F4xx_HAL_Driver/Src/stm32f4xx_ll_usb.o
                0x00000000080069d4                USB_ReadInterrupts
 .text.USB_ReadDevAllOutEpInterrupt
                0x00000000080069fa       0x34 ./Drivers/STM32F4xx_HAL_Driver/Src/stm32f4xx_ll_usb.o
                0x00000000080069fa                USB_ReadDevAllOutEpInterrupt
 .text.USB_ReadDevAllInEpInterrupt
                0x0000000008006a2e       0x34 ./Drivers/STM32F4xx_HAL_Driver/Src/stm32f4xx_ll_usb.o
                0x0000000008006a2e                USB_ReadDevAllInEpInterrupt
 .text.USB_ReadDevOutEPInterrupt
                0x0000000008006a62       0x3c ./Drivers/STM32F4xx_HAL_Driver/Src/stm32f4xx_ll_usb.o
                0x0000000008006a62                USB_ReadDevOutEPInterrupt
 .text.USB_ReadDevInEPInterrupt
                0x0000000008006a9e       0x5c ./Drivers/STM32F4xx_HAL_Driver/Src/stm32f4xx_ll_usb.o
                0x0000000008006a9e                USB_ReadDevInEPInterrupt
 .text.USB_GetMode
                0x0000000008006afa       0x1c ./Drivers/STM32F4xx_HAL_Driver/Src/stm32f4xx_ll_usb.o
                0x0000000008006afa                USB_GetMode
 .text.USB_ActivateSetup
                0x0000000008006b16       0x46 ./Drivers/STM32F4xx_HAL_Driver/Src/stm32f4xx_ll_usb.o
                0x0000000008006b16                USB_ActivateSetup
 .text.USB_EP0_OutStart
                0x0000000008006b5c       0xbc ./Drivers/STM32F4xx_HAL_Driver/Src/stm32f4xx_ll_usb.o
                0x0000000008006b5c                USB_EP0_OutStart
 .text.USB_CoreReset
                0x0000000008006c18       0x68 ./Drivers/STM32F4xx_HAL_Driver/Src/stm32f4xx_ll_usb.o
 .text.USBD_AUDIO_Init
                0x0000000008006c80      0x13c ./Middlewares/ST/STM32_USB_Device_Library/Class/AUDIO/Src/usbd_audio.o
 .text.USBD_AUDIO_DeInit
                0x0000000008006dbc       0xb4 ./Middlewares/ST/STM32_USB_Device_Library/Class/AUDIO/Src/usbd_audio.o
 .text.USBD_AUDIO_Setup
                0x0000000008006e70      0x1b8 ./Middlewares/ST/STM32_USB_Device_Library/Class/AUDIO/Src/usbd_audio.o
 .text.USBD_AUDIO_GetCfgDesc
                0x0000000008007028       0x20 ./Middlewares/ST/STM32_USB_Device_Library/Class/AUDIO/Src/usbd_audio.o
 .text.USBD_AUDIO_DataIn
                0x0000000008007048       0x1a ./Middlewares/ST/STM32_USB_Device_Library/Class/AUDIO/Src/usbd_audio.o
 .text.USBD_AUDIO_EP0_RxReady
                0x0000000008007062       0x80 ./Middlewares/ST/STM32_USB_Device_Library/Class/AUDIO/Src/usbd_audio.o
 .text.USBD_AUDIO_EP0_TxReady
                0x00000000080070e2       0x16 ./Middlewares/ST/STM32_USB_Device_Library/Class/AUDIO/Src/usbd_audio.o
 .text.USBD_AUDIO_SOF
                0x00000000080070f8       0x16 ./Middlewares/ST/STM32_USB_Device_Library/Class/AUDIO/Src/usbd_audio.o
 .text.USBD_AUDIO_IsoINIncomplete
                0x000000000800710e       0x1a ./Middlewares/ST/STM32_USB_Device_Library/Class/AUDIO/Src/usbd_audio.o
 .text.USBD_AUDIO_IsoOutIncomplete
                0x0000000008007128       0x1a ./Middlewares/ST/STM32_USB_Device_Library/Class/AUDIO/Src/usbd_audio.o
 *fill*         0x0000000008007142        0x2 
 .text.USBD_AUDIO_DataOut
                0x0000000008007144      0x12c ./Middlewares/ST/STM32_USB_Device_Library/Class/AUDIO/Src/usbd_audio.o
 .text.AUDIO_REQ_GetCurrent
                0x0000000008007270       0x58 ./Middlewares/ST/STM32_USB_Device_Library/Class/AUDIO/Src/usbd_audio.o
 .text.AUDIO_REQ_SetCurrent
                0x00000000080072c8       0x88 ./Middlewares/ST/STM32_USB_Device_Library/Class/AUDIO/Src/usbd_audio.o
 .text.USBD_AUDIO_GetDeviceQualifierDesc
                0x0000000008007350       0x20 ./Middlewares/ST/STM32_USB_Device_Library/Class/AUDIO/Src/usbd_audio.o
 .text.USBD_AUDIO_RegisterInterface
                0x0000000008007370       0x34 ./Middlewares/ST/STM32_USB_Device_Library/Class/AUDIO/Src/usbd_audio.o
                0x0000000008007370                USBD_AUDIO_RegisterInterface
 .text.USBD_AUDIO_GetAudioHeaderDesc
                0x00000000080073a4       0x68 ./Middlewares/ST/STM32_USB_Device_Library/Class/AUDIO/Src/usbd_audio.o
 .text.USBD_Init
                0x000000000800740c       0x60 ./Middlewares/ST/STM32_USB_Device_Library/Core/Src/usbd_core.o
                0x000000000800740c                USBD_Init
 .text.USBD_RegisterClass
                0x000000000800746c       0x6c ./Middlewares/ST/STM32_USB_Device_Library/Core/Src/usbd_core.o
                0x000000000800746c                USBD_RegisterClass
 .text.USBD_Start
                0x00000000080074d8       0x18 ./Middlewares/ST/STM32_USB_Device_Library/Core/Src/usbd_core.o
                0x00000000080074d8                USBD_Start
 .text.USBD_RunTestMode
                0x00000000080074f0       0x16 ./Middlewares/ST/STM32_USB_Device_Library/Core/Src/usbd_core.o
                0x00000000080074f0                USBD_RunTestMode
 .text.USBD_SetClassConfig
                0x0000000008007506       0x38 ./Middlewares/ST/STM32_USB_Device_Library/Core/Src/usbd_core.o
                0x0000000008007506                USBD_SetClassConfig
 .text.USBD_ClrClassConfig
                0x000000000800753e       0x34 ./Middlewares/ST/STM32_USB_Device_Library/Core/Src/usbd_core.o
                0x000000000800753e                USBD_ClrClassConfig
 .text.USBD_LL_SetupStage
                0x0000000008007572       0xaa ./Middlewares/ST/STM32_USB_Device_Library/Core/Src/usbd_core.o
                0x0000000008007572                USBD_LL_SetupStage
 .text.USBD_LL_DataOutStage
                0x000000000800761c      0x166 ./Middlewares/ST/STM32_USB_Device_Library/Core/Src/usbd_core.o
                0x000000000800761c                USBD_LL_DataOutStage
 .text.USBD_LL_DataInStage
                0x0000000008007782      0x164 ./Middlewares/ST/STM32_USB_Device_Library/Core/Src/usbd_core.o
                0x0000000008007782                USBD_LL_DataInStage
 .text.USBD_LL_Reset
                0x00000000080078e6       0xa4 ./Middlewares/ST/STM32_USB_Device_Library/Core/Src/usbd_core.o
                0x00000000080078e6                USBD_LL_Reset
 .text.USBD_LL_SetSpeed
                0x000000000800798a       0x20 ./Middlewares/ST/STM32_USB_Device_Library/Core/Src/usbd_core.o
                0x000000000800798a                USBD_LL_SetSpeed
 .text.USBD_LL_Suspend
                0x00000000080079aa       0x2c ./Middlewares/ST/STM32_USB_Device_Library/Core/Src/usbd_core.o
                0x00000000080079aa                USBD_LL_Suspend
 .text.USBD_LL_Resume
                0x00000000080079d6       0x30 ./Middlewares/ST/STM32_USB_Device_Library/Core/Src/usbd_core.o
                0x00000000080079d6                USBD_LL_Resume
 .text.USBD_LL_SOF
                0x0000000008007a06       0x40 ./Middlewares/ST/STM32_USB_Device_Library/Core/Src/usbd_core.o
                0x0000000008007a06                USBD_LL_SOF
 .text.USBD_LL_IsoINIncomplete
                0x0000000008007a46       0x64 ./Middlewares/ST/STM32_USB_Device_Library/Core/Src/usbd_core.o
                0x0000000008007a46                USBD_LL_IsoINIncomplete
 .text.USBD_LL_IsoOUTIncomplete
                0x0000000008007aaa       0x64 ./Middlewares/ST/STM32_USB_Device_Library/Core/Src/usbd_core.o
                0x0000000008007aaa                USBD_LL_IsoOUTIncomplete
 .text.USBD_LL_DevConnected
                0x0000000008007b0e       0x16 ./Middlewares/ST/STM32_USB_Device_Library/Core/Src/usbd_core.o
                0x0000000008007b0e                USBD_LL_DevConnected
 .text.USBD_LL_DevDisconnected
                0x0000000008007b24       0x46 ./Middlewares/ST/STM32_USB_Device_Library/Core/Src/usbd_core.o
                0x0000000008007b24                USBD_LL_DevDisconnected
 .text.USBD_CoreFindIF
                0x0000000008007b6a       0x1a ./Middlewares/ST/STM32_USB_Device_Library/Core/Src/usbd_core.o
                0x0000000008007b6a                USBD_CoreFindIF
 .text.USBD_CoreFindEP
                0x0000000008007b84       0x1a ./Middlewares/ST/STM32_USB_Device_Library/Core/Src/usbd_core.o
                0x0000000008007b84                USBD_CoreFindEP
 .text.USBD_GetNextDesc
                0x0000000008007b9e       0x3a ./Middlewares/ST/STM32_USB_Device_Library/Core/Src/usbd_core.o
                0x0000000008007b9e                USBD_GetNextDesc
 .text.SWAPBYTE
                0x0000000008007bd8       0x3c ./Middlewares/ST/STM32_USB_Device_Library/Core/Src/usbd_ctlreq.o
 .text.USBD_StdDevReq
                0x0000000008007c14       0xe4 ./Middlewares/ST/STM32_USB_Device_Library/Core/Src/usbd_ctlreq.o
                0x0000000008007c14                USBD_StdDevReq
 .text.USBD_StdItfReq
                0x0000000008007cf8       0xd8 ./Middlewares/ST/STM32_USB_Device_Library/Core/Src/usbd_ctlreq.o
                0x0000000008007cf8                USBD_StdItfReq
 .text.USBD_StdEPReq
                0x0000000008007dd0      0x33a ./Middlewares/ST/STM32_USB_Device_Library/Core/Src/usbd_ctlreq.o
                0x0000000008007dd0                USBD_StdEPReq
 *fill*         0x000000000800810a        0x2 
 .text.USBD_GetDescriptor
                0x000000000800810c      0x2d4 ./Middlewares/ST/STM32_USB_Device_Library/Core/Src/usbd_ctlreq.o
 .text.USBD_SetAddress
                0x00000000080083e0       0x88 ./Middlewares/ST/STM32_USB_Device_Library/Core/Src/usbd_ctlreq.o
 .text.USBD_SetConfig
                0x0000000008008468      0x154 ./Middlewares/ST/STM32_USB_Device_Library/Core/Src/usbd_ctlreq.o
 .text.USBD_GetConfig
                0x00000000080085bc       0x6c ./Middlewares/ST/STM32_USB_Device_Library/Core/Src/usbd_ctlreq.o
 .text.USBD_GetStatus
                0x0000000008008628       0x68 ./Middlewares/ST/STM32_USB_Device_Library/Core/Src/usbd_ctlreq.o
 .text.USBD_SetFeature
                0x0000000008008690       0x52 ./Middlewares/ST/STM32_USB_Device_Library/Core/Src/usbd_ctlreq.o
 .text.USBD_ClrFeature
                0x00000000080086e2       0x44 ./Middlewares/ST/STM32_USB_Device_Library/Core/Src/usbd_ctlreq.o
 .text.USBD_ParseSetupRequest
                0x0000000008008726       0x74 ./Middlewares/ST/STM32_USB_Device_Library/Core/Src/usbd_ctlreq.o
                0x0000000008008726                USBD_ParseSetupRequest
 .text.USBD_CtlError
                0x000000000800879a       0x22 ./Middlewares/ST/STM32_USB_Device_Library/Core/Src/usbd_ctlreq.o
                0x000000000800879a                USBD_CtlError
 .text.USBD_GetString
                0x00000000080087bc       0x8c ./Middlewares/ST/STM32_USB_Device_Library/Core/Src/usbd_ctlreq.o
                0x00000000080087bc                USBD_GetString
 .text.USBD_GetLen
                0x0000000008008848       0x34 ./Middlewares/ST/STM32_USB_Device_Library/Core/Src/usbd_ctlreq.o
 .text.USBD_CtlSendData
                0x000000000800887c       0x36 ./Middlewares/ST/STM32_USB_Device_Library/Core/Src/usbd_ioreq.o
                0x000000000800887c                USBD_CtlSendData
 .text.USBD_CtlContinueSendData
                0x00000000080088b2       0x22 ./Middlewares/ST/STM32_USB_Device_Library/Core/Src/usbd_ioreq.o
                0x00000000080088b2                USBD_CtlContinueSendData
 .text.USBD_CtlPrepareRx
                0x00000000080088d4       0x3a ./Middlewares/ST/STM32_USB_Device_Library/Core/Src/usbd_ioreq.o
                0x00000000080088d4                USBD_CtlPrepareRx
 .text.USBD_CtlContinueRx
                0x000000000800890e       0x22 ./Middlewares/ST/STM32_USB_Device_Library/Core/Src/usbd_ioreq.o
                0x000000000800890e                USBD_CtlContinueRx
 .text.USBD_CtlSendStatus
                0x0000000008008930       0x26 ./Middlewares/ST/STM32_USB_Device_Library/Core/Src/usbd_ioreq.o
                0x0000000008008930                USBD_CtlSendStatus
 .text.USBD_CtlReceiveStatus
                0x0000000008008956       0x26 ./Middlewares/ST/STM32_USB_Device_Library/Core/Src/usbd_ioreq.o
                0x0000000008008956                USBD_CtlReceiveStatus
 .text.MX_USB_DEVICE_Init
                0x000000000800897c       0x60 ./USB_DEVICE/App/usb_device.o
                0x000000000800897c                MX_USB_DEVICE_Init
 .text.AUDIO_Init_FS
                0x00000000080089dc       0x1a ./USB_DEVICE/App/usbd_audio_if.o
 .text.AUDIO_DeInit_FS
                0x00000000080089f6       0x16 ./USB_DEVICE/App/usbd_audio_if.o
 .text.AUDIO_AudioCmd_FS
                0x0000000008008a0c       0x28 ./USB_DEVICE/App/usbd_audio_if.o
 .text.AUDIO_VolumeCtl_FS
                0x0000000008008a34       0x18 ./USB_DEVICE/App/usbd_audio_if.o
 .text.AUDIO_MuteCtl_FS
                0x0000000008008a4c       0x18 ./USB_DEVICE/App/usbd_audio_if.o
 .text.AUDIO_PeriodicTC_FS
                0x0000000008008a64       0x1c ./USB_DEVICE/App/usbd_audio_if.o
 .text.AUDIO_GetState_FS
                0x0000000008008a80       0x10 ./USB_DEVICE/App/usbd_audio_if.o
 .text.USBD_FS_DeviceDescriptor
                0x0000000008008a90       0x24 ./USB_DEVICE/App/usbd_desc.o
                0x0000000008008a90                USBD_FS_DeviceDescriptor
 .text.USBD_FS_LangIDStrDescriptor
                0x0000000008008ab4       0x24 ./USB_DEVICE/App/usbd_desc.o
                0x0000000008008ab4                USBD_FS_LangIDStrDescriptor
 .text.USBD_FS_ProductStrDescriptor
                0x0000000008008ad8       0x3c ./USB_DEVICE/App/usbd_desc.o
                0x0000000008008ad8                USBD_FS_ProductStrDescriptor
 .text.USBD_FS_ManufacturerStrDescriptor
                0x0000000008008b14       0x28 ./USB_DEVICE/App/usbd_desc.o
                0x0000000008008b14                USBD_FS_ManufacturerStrDescriptor
 .text.USBD_FS_SerialStrDescriptor
                0x0000000008008b3c       0x24 ./USB_DEVICE/App/usbd_desc.o
                0x0000000008008b3c                USBD_FS_SerialStrDescriptor
 .text.USBD_FS_ConfigStrDescriptor
                0x0000000008008b60       0x3c ./USB_DEVICE/App/usbd_desc.o
                0x0000000008008b60                USBD_FS_ConfigStrDescriptor
 .text.USBD_FS_InterfaceStrDescriptor
                0x0000000008008b9c       0x3c ./USB_DEVICE/App/usbd_desc.o
                0x0000000008008b9c                USBD_FS_InterfaceStrDescriptor
 .text.Get_SerialNum
                0x0000000008008bd8       0x58 ./USB_DEVICE/App/usbd_desc.o
 .text.IntToUnicode
                0x0000000008008c30       0x7e ./USB_DEVICE/App/usbd_desc.o
 *fill*         0x0000000008008cae        0x2 
 .text.HAL_PCD_MspInit
                0x0000000008008cb0       0xc4 ./USB_DEVICE/Target/usbd_conf.o
                0x0000000008008cb0                HAL_PCD_MspInit
 .text.HAL_PCD_SetupStageCallback
                0x0000000008008d74       0x24 ./USB_DEVICE/Target/usbd_conf.o
                0x0000000008008d74                HAL_PCD_SetupStageCallback
 .text.HAL_PCD_DataOutStageCallback
                0x0000000008008d98       0x36 ./USB_DEVICE/Target/usbd_conf.o
                0x0000000008008d98                HAL_PCD_DataOutStageCallback
 .text.HAL_PCD_DataInStageCallback
                0x0000000008008dce       0x34 ./USB_DEVICE/Target/usbd_conf.o
                0x0000000008008dce                HAL_PCD_DataInStageCallback
 .text.HAL_PCD_SOFCallback
                0x0000000008008e02       0x1c ./USB_DEVICE/Target/usbd_conf.o
                0x0000000008008e02                HAL_PCD_SOFCallback
 .text.HAL_PCD_ResetCallback
                0x0000000008008e1e       0x50 ./USB_DEVICE/Target/usbd_conf.o
                0x0000000008008e1e                HAL_PCD_ResetCallback
 *fill*         0x0000000008008e6e        0x2 
 .text.HAL_PCD_SuspendCallback
                0x0000000008008e70       0x4c ./USB_DEVICE/Target/usbd_conf.o
                0x0000000008008e70                HAL_PCD_SuspendCallback
 .text.HAL_PCD_ResumeCallback
                0x0000000008008ebc       0x1c ./USB_DEVICE/Target/usbd_conf.o
                0x0000000008008ebc                HAL_PCD_ResumeCallback
 .text.HAL_PCD_ISOOUTIncompleteCallback
                0x0000000008008ed8       0x24 ./USB_DEVICE/Target/usbd_conf.o
                0x0000000008008ed8                HAL_PCD_ISOOUTIncompleteCallback
 .text.HAL_PCD_ISOINIncompleteCallback
                0x0000000008008efc       0x24 ./USB_DEVICE/Target/usbd_conf.o
                0x0000000008008efc                HAL_PCD_ISOINIncompleteCallback
 .text.HAL_PCD_ConnectCallback
                0x0000000008008f20       0x1c ./USB_DEVICE/Target/usbd_conf.o
                0x0000000008008f20                HAL_PCD_ConnectCallback
 .text.HAL_PCD_DisconnectCallback
                0x0000000008008f3c       0x1c ./USB_DEVICE/Target/usbd_conf.o
                0x0000000008008f3c                HAL_PCD_DisconnectCallback
 .text.USBD_LL_Init
                0x0000000008008f58       0x98 ./USB_DEVICE/Target/usbd_conf.o
                0x0000000008008f58                USBD_LL_Init
 .text.USBD_LL_Start
                0x0000000008008ff0       0x36 ./USB_DEVICE/Target/usbd_conf.o
                0x0000000008008ff0                USBD_LL_Start
 .text.USBD_LL_OpenEP
                0x0000000008009026       0x4c ./USB_DEVICE/Target/usbd_conf.o
                0x0000000008009026                USBD_LL_OpenEP
 .text.USBD_LL_CloseEP
                0x0000000008009072       0x3e ./USB_DEVICE/Target/usbd_conf.o
                0x0000000008009072                USBD_LL_CloseEP
 .text.USBD_LL_StallEP
                0x00000000080090b0       0x3e ./USB_DEVICE/Target/usbd_conf.o
                0x00000000080090b0                USBD_LL_StallEP
 .text.USBD_LL_ClearStallEP
                0x00000000080090ee       0x3e ./USB_DEVICE/Target/usbd_conf.o
                0x00000000080090ee                USBD_LL_ClearStallEP
 .text.USBD_LL_IsStallEP
                0x000000000800912c       0x58 ./USB_DEVICE/Target/usbd_conf.o
                0x000000000800912c                USBD_LL_IsStallEP
 .text.USBD_LL_SetUSBAddress
                0x0000000008009184       0x3e ./USB_DEVICE/Target/usbd_conf.o
                0x0000000008009184                USBD_LL_SetUSBAddress
 .text.USBD_LL_Transmit
                0x00000000080091c2       0x42 ./USB_DEVICE/Target/usbd_conf.o
                0x00000000080091c2                USBD_LL_Transmit
 .text.USBD_LL_PrepareReceive
                0x0000000008009204       0x42 ./USB_DEVICE/Target/usbd_conf.o
                0x0000000008009204                USBD_LL_PrepareReceive
 .text.USBD_LL_GetRxDataSize
                0x0000000008009246       0x26 ./USB_DEVICE/Target/usbd_conf.o
                0x0000000008009246                USBD_LL_GetRxDataSize
 .text.USBD_static_malloc
                0x000000000800926c       0x1c ./USB_DEVICE/Target/usbd_conf.o
                0x000000000800926c                USBD_static_malloc
 .text.USBD_static_free
                0x0000000008009288       0x14 ./USB_DEVICE/Target/usbd_conf.o
                0x0000000008009288                USBD_static_free
 .text.USBD_Get_USB_Status
                0x000000000800929c       0x58 ./USB_DEVICE/Target/usbd_conf.o
                0x000000000800929c                USBD_Get_USB_Status
 .text.memset   0x00000000080092f4       0x10 C:/ST/STM32CubeIDE_1.13.2/STM32CubeIDE/plugins/com.st.stm32cube.ide.mcu.externaltools.gnu-tools-for-stm32.11.3.rel1.win32_1.1.1.202309131626/tools/bin/../lib/gcc/arm-none-eabi/11.3.1/../../../../arm-none-eabi/lib/thumb/v7e-m+fp/hard\libc_nano.a(libc_a-memset.o)
                0x00000000080092f4                memset
 .text.__libc_init_array
                0x0000000008009304       0x48 C:/ST/STM32CubeIDE_1.13.2/STM32CubeIDE/plugins/com.st.stm32cube.ide.mcu.externaltools.gnu-tools-for-stm32.11.3.rel1.win32_1.1.1.202309131626/tools/bin/../lib/gcc/arm-none-eabi/11.3.1/../../../../arm-none-eabi/lib/thumb/v7e-m+fp/hard\libc_nano.a(libc_a-init.o)
                0x0000000008009304                __libc_init_array
 *(.glue_7)
 .glue_7        0x000000000800934c        0x0 linker stubs
 *(.glue_7t)
 .glue_7t       0x000000000800934c        0x0 linker stubs
 *(.eh_frame)
 .eh_frame      0x000000000800934c        0x0 C:/ST/STM32CubeIDE_1.13.2/STM32CubeIDE/plugins/com.st.stm32cube.ide.mcu.externaltools.gnu-tools-for-stm32.11.3.rel1.win32_1.1.1.202309131626/tools/bin/../lib/gcc/arm-none-eabi/11.3.1/thumb/v7e-m+fp/hard/crtbegin.o
 *(.init)
 .init          0x000000000800934c        0x4 C:/ST/STM32CubeIDE_1.13.2/STM32CubeIDE/plugins/com.st.stm32cube.ide.mcu.externaltools.gnu-tools-for-stm32.11.3.rel1.win32_1.1.1.202309131626/tools/bin/../lib/gcc/arm-none-eabi/11.3.1/thumb/v7e-m+fp/hard/crti.o
                0x000000000800934c                _init
 .init          0x0000000008009350        0x8 C:/ST/STM32CubeIDE_1.13.2/STM32CubeIDE/plugins/com.st.stm32cube.ide.mcu.externaltools.gnu-tools-for-stm32.11.3.rel1.win32_1.1.1.202309131626/tools/bin/../lib/gcc/arm-none-eabi/11.3.1/thumb/v7e-m+fp/hard/crtn.o
 *(.fini)
 .fini          0x0000000008009358        0x4 C:/ST/STM32CubeIDE_1.13.2/STM32CubeIDE/plugins/com.st.stm32cube.ide.mcu.externaltools.gnu-tools-for-stm32.11.3.rel1.win32_1.1.1.202309131626/tools/bin/../lib/gcc/arm-none-eabi/11.3.1/thumb/v7e-m+fp/hard/crti.o
                0x0000000008009358                _fini
 .fini          0x000000000800935c        0x8 C:/ST/STM32CubeIDE_1.13.2/STM32CubeIDE/plugins/com.st.stm32cube.ide.mcu.externaltools.gnu-tools-for-stm32.11.3.rel1.win32_1.1.1.202309131626/tools/bin/../lib/gcc/arm-none-eabi/11.3.1/thumb/v7e-m+fp/hard/crtn.o
                0x0000000008009364                . = ALIGN (0x4)
                0x0000000008009364                _etext = .

.vfp11_veneer   0x0000000008009364        0x0
 .vfp11_veneer  0x0000000008009364        0x0 linker stubs

.v4_bx          0x0000000008009364        0x0
 .v4_bx         0x0000000008009364        0x0 linker stubs

.iplt           0x0000000008009364        0x0
 .iplt          0x0000000008009364        0x0 C:/ST/STM32CubeIDE_1.13.2/STM32CubeIDE/plugins/com.st.stm32cube.ide.mcu.externaltools.gnu-tools-for-stm32.11.3.rel1.win32_1.1.1.202309131626/tools/bin/../lib/gcc/arm-none-eabi/11.3.1/thumb/v7e-m+fp/hard/crtbegin.o

.rodata         0x0000000008009364       0x68
                0x0000000008009364                . = ALIGN (0x4)
 *(.rodata)
 .rodata        0x0000000008009364       0x48 ./USB_DEVICE/App/usbd_desc.o
 *(.rodata*)
 .rodata.AHBPrescTable
                0x00000000080093ac       0x10 ./Core/Src/system_stm32f4xx.o
                0x00000000080093ac                AHBPrescTable
 .rodata.APBPrescTable
                0x00000000080093bc        0x8 ./Core/Src/system_stm32f4xx.o
                0x00000000080093bc                APBPrescTable
 .rodata.flagBitshiftOffset.0
                0x00000000080093c4        0x8 ./Drivers/STM32F4xx_HAL_Driver/Src/stm32f4xx_hal_dma.o
                0x00000000080093cc                . = ALIGN (0x4)

.ARM.extab      0x00000000080093cc        0x0
                0x00000000080093cc                . = ALIGN (0x4)
 *(.ARM.extab* .gnu.linkonce.armextab.*)
                0x00000000080093cc                . = ALIGN (0x4)

.ARM            0x00000000080093cc        0x8
                0x00000000080093cc                . = ALIGN (0x4)
                0x00000000080093cc                __exidx_start = .
 *(.ARM.exidx*)
 .ARM.exidx     0x00000000080093cc        0x8 C:/ST/STM32CubeIDE_1.13.2/STM32CubeIDE/plugins/com.st.stm32cube.ide.mcu.externaltools.gnu-tools-for-stm32.11.3.rel1.win32_1.1.1.202309131626/tools/bin/../lib/gcc/arm-none-eabi/11.3.1/thumb/v7e-m+fp/hard\libgcc.a(_udivmoddi4.o)
                0x00000000080093d4                __exidx_end = .
                0x00000000080093d4                . = ALIGN (0x4)

.rel.dyn        0x00000000080093d4        0x0
 .rel.iplt      0x00000000080093d4        0x0 C:/ST/STM32CubeIDE_1.13.2/STM32CubeIDE/plugins/com.st.stm32cube.ide.mcu.externaltools.gnu-tools-for-stm32.11.3.rel1.win32_1.1.1.202309131626/tools/bin/../lib/gcc/arm-none-eabi/11.3.1/thumb/v7e-m+fp/hard/crtbegin.o

.preinit_array  0x00000000080093d4        0x0
                0x00000000080093d4                . = ALIGN (0x4)
                0x00000000080093d4                PROVIDE (__preinit_array_start = .)
 *(.preinit_array*)
                0x00000000080093d4                PROVIDE (__preinit_array_end = .)
                0x00000000080093d4                . = ALIGN (0x4)

.init_array     0x00000000080093d4        0x4
                0x00000000080093d4                . = ALIGN (0x4)
                0x00000000080093d4                PROVIDE (__init_array_start = .)
 *(SORT_BY_NAME(.init_array.*))
 *(.init_array*)
 .init_array    0x00000000080093d4        0x4 C:/ST/STM32CubeIDE_1.13.2/STM32CubeIDE/plugins/com.st.stm32cube.ide.mcu.externaltools.gnu-tools-for-stm32.11.3.rel1.win32_1.1.1.202309131626/tools/bin/../lib/gcc/arm-none-eabi/11.3.1/thumb/v7e-m+fp/hard/crtbegin.o
                0x00000000080093d8                PROVIDE (__init_array_end = .)
                0x00000000080093d8                . = ALIGN (0x4)

.fini_array     0x00000000080093d8        0x4
                0x00000000080093d8                . = ALIGN (0x4)
                [!provide]                        PROVIDE (__fini_array_start = .)
 *(SORT_BY_NAME(.fini_array.*))
 *(.fini_array*)
 .fini_array    0x00000000080093d8        0x4 C:/ST/STM32CubeIDE_1.13.2/STM32CubeIDE/plugins/com.st.stm32cube.ide.mcu.externaltools.gnu-tools-for-stm32.11.3.rel1.win32_1.1.1.202309131626/tools/bin/../lib/gcc/arm-none-eabi/11.3.1/thumb/v7e-m+fp/hard/crtbegin.o
                [!provide]                        PROVIDE (__fini_array_end = .)
                0x00000000080093dc                . = ALIGN (0x4)
                0x00000000080093dc                _sidata = LOADADDR (.data)

.data           0x0000000020000000      0x130 load address 0x00000000080093dc
                0x0000000020000000                . = ALIGN (0x4)
                0x0000000020000000                _sdata = .
 *(.data)
 *(.data*)
 .data.cs43l22_state
                0x0000000020000000        0x1 ./Core/Src/cs43l22.o
 *fill*         0x0000000020000001        0x3 
 .data.SystemCoreClock
                0x0000000020000004        0x4 ./Core/Src/system_stm32f4xx.o
                0x0000000020000004                SystemCoreClock
 .data.uwTickPrio
                0x0000000020000008        0x4 ./Drivers/STM32F4xx_HAL_Driver/Src/stm32f4xx_hal.o
                0x0000000020000008                uwTickPrio
 .data.uwTickFreq
                0x000000002000000c        0x1 ./Drivers/STM32F4xx_HAL_Driver/Src/stm32f4xx_hal.o
                0x000000002000000c                uwTickFreq
 *fill*         0x000000002000000d        0x3 
 .data.USBD_AUDIO
                0x0000000020000010       0x38 ./Middlewares/ST/STM32_USB_Device_Library/Class/AUDIO/Src/usbd_audio.o
                0x0000000020000010                USBD_AUDIO
 .data.USBD_AUDIO_CfgDesc
                0x0000000020000048       0x6d ./Middlewares/ST/STM32_USB_Device_Library/Class/AUDIO/Src/usbd_audio.o
 *fill*         0x00000000200000b5        0x3 
 .data.USBD_AUDIO_DeviceQualifierDesc
                0x00000000200000b8        0xa ./Middlewares/ST/STM32_USB_Device_Library/Class/AUDIO/Src/usbd_audio.o
 .data.AUDIOOutEpAdd
                0x00000000200000c2        0x1 ./Middlewares/ST/STM32_USB_Device_Library/Class/AUDIO/Src/usbd_audio.o
 *fill*         0x00000000200000c3        0x1 
 .data.USBD_AUDIO_fops_FS
                0x00000000200000c4       0x1c ./USB_DEVICE/App/usbd_audio_if.o
                0x00000000200000c4                USBD_AUDIO_fops_FS
 .data.FS_Desc  0x00000000200000e0       0x1c ./USB_DEVICE/App/usbd_desc.o
                0x00000000200000e0                FS_Desc
 .data.USBD_FS_DeviceDesc
                0x00000000200000fc       0x12 ./USB_DEVICE/App/usbd_desc.o
                0x00000000200000fc                USBD_FS_DeviceDesc
 *fill*         0x000000002000010e        0x2 
 .data.USBD_LangIDDesc
                0x0000000020000110        0x4 ./USB_DEVICE/App/usbd_desc.o
                0x0000000020000110                USBD_LangIDDesc
 .data.USBD_StringSerial
                0x0000000020000114       0x1a ./USB_DEVICE/App/usbd_desc.o
                0x0000000020000114                USBD_StringSerial
 *(.RamFunc)
 *(.RamFunc*)
                0x0000000020000130                . = ALIGN (0x4)
 *fill*         0x000000002000012e        0x2 
                0x0000000020000130                _edata = .
                0x000000000800950c                _siccmram = LOADADDR (.ccmram)

.igot.plt       0x0000000020000130        0x0 load address 0x000000000800950c
 .igot.plt      0x0000000020000130        0x0 C:/ST/STM32CubeIDE_1.13.2/STM32CubeIDE/plugins/com.st.stm32cube.ide.mcu.externaltools.gnu-tools-for-stm32.11.3.rel1.win32_1.1.1.202309131626/tools/bin/../lib/gcc/arm-none-eabi/11.3.1/thumb/v7e-m+fp/hard/crtbegin.o

.ccmram         0x0000000010000000        0x0 load address 0x000000000800950c
                0x0000000010000000                . = ALIGN (0x4)
                0x0000000010000000                _sccmram = .
 *(.ccmram)
 *(.ccmram*)
                0x0000000010000000                . = ALIGN (0x4)
                0x0000000010000000                _eccmram = .
                0x0000000010000000                . = ALIGN (0x4)

.bss            0x0000000020000130     0x47a4
                0x0000000020000130                _sbss = .
                0x0000000020000130                __bss_start__ = _sbss
 *(.bss)
 .bss           0x0000000020000130       0x1c C:/ST/STM32CubeIDE_1.13.2/STM32CubeIDE/plugins/com.st.stm32cube.ide.mcu.externaltools.gnu-tools-for-stm32.11.3.rel1.win32_1.1.1.202309131626/tools/bin/../lib/gcc/arm-none-eabi/11.3.1/thumb/v7e-m+fp/hard/crtbegin.o
 *(.bss*)
 .bss.hi2c1     0x000000002000014c       0x54 ./Core/Src/main.o
                0x000000002000014c                hi2c1
 .bss.hi2s3     0x00000000200001a0       0x48 ./Core/Src/main.o
                0x00000000200001a0                hi2s3
 .bss.hdma_spi3_tx
                0x00000000200001e8       0x60 ./Core/Src/main.o
                0x00000000200001e8                hdma_spi3_tx
 .bss.htim4     0x0000000020000248       0x48 ./Core/Src/main.o
                0x0000000020000248                htim4
 .bss.uwTick    0x0000000020000290        0x4 ./Drivers/STM32F4xx_HAL_Driver/Src/stm32f4xx_hal.o
                0x0000000020000290                uwTick
 .bss.cfgidx.0  0x0000000020000294        0x1 ./Middlewares/ST/STM32_USB_Device_Library/Core/Src/usbd_ctlreq.o
 *fill*         0x0000000020000295        0x3 
 .bss.hUsbDeviceFS
                0x0000000020000298      0x2dc ./USB_DEVICE/App/usb_device.o
                0x0000000020000298                hUsbDeviceFS
 .bss.USBD_StrDesc
                0x0000000020000574      0x200 ./USB_DEVICE/App/usbd_desc.o
                0x0000000020000574                USBD_StrDesc
 .bss.hpcd_USB_OTG_FS
                0x0000000020000774      0x50c ./USB_DEVICE/Target/usbd_conf.o
                0x0000000020000774                hpcd_USB_OTG_FS
 .bss.mem.0     0x0000000020000c80     0x3c54 ./USB_DEVICE/Target/usbd_conf.o
 *(COMMON)
                0x00000000200048d4                . = ALIGN (0x4)
                0x00000000200048d4                _ebss = .
                0x00000000200048d4                __bss_end__ = _ebss

._user_heap_stack
                0x00000000200048d4      0x604
                0x00000000200048d8                . = ALIGN (0x8)
 *fill*         0x00000000200048d4        0x4 
                [!provide]                        PROVIDE (end = .)
                0x00000000200048d8                PROVIDE (_end = .)
                0x0000000020004ad8                . = (. + _Min_Heap_Size)
 *fill*         0x00000000200048d8      0x200 
                0x0000000020004ed8                . = (. + _Min_Stack_Size)
 *fill*         0x0000000020004ad8      0x400 
                0x0000000020004ed8                . = ALIGN (0x8)

/DISCARD/
 libc.a(*)
 libm.a(*)
 libgcc.a(*)

.ARM.attributes
                0x0000000000000000       0x30
 *(.ARM.attributes)
 .ARM.attributes
                0x0000000000000000       0x1e C:/ST/STM32CubeIDE_1.13.2/STM32CubeIDE/plugins/com.st.stm32cube.ide.mcu.externaltools.gnu-tools-for-stm32.11.3.rel1.win32_1.1.1.202309131626/tools/bin/../lib/gcc/arm-none-eabi/11.3.1/thumb/v7e-m+fp/hard/crti.o
 .ARM.attributes
                0x000000000000001e       0x34 C:/ST/STM32CubeIDE_1.13.2/STM32CubeIDE/plugins/com.st.stm32cube.ide.mcu.externaltools.gnu-tools-for-stm32.11.3.rel1.win32_1.1.1.202309131626/tools/bin/../lib/gcc/arm-none-eabi/11.3.1/thumb/v7e-m+fp/hard/crtbegin.o
 .ARM.attributes
                0x0000000000000052       0x34 ./Core/Src/cs43l22.o
 .ARM.attributes
                0x0000000000000086       0x34 ./Core/Src/main.o
 .ARM.attributes
                0x00000000000000ba       0x34 ./Core/Src/stm32f4xx_hal_msp.o
 .ARM.attributes
                0x00000000000000ee       0x34 ./Core/Src/stm32f4xx_it.o
 .ARM.attributes
                0x0000000000000122       0x34 ./Core/Src/system_stm32f4xx.o
 .ARM.attributes
                0x0000000000000156       0x21 ./Core/Startup/startup_stm32f407vgtx.o
 .ARM.attributes
                0x0000000000000177       0x34 ./Drivers/STM32F4xx_HAL_Driver/Src/stm32f4xx_hal.o
 .ARM.attributes
                0x00000000000001ab       0x34 ./Drivers/STM32F4xx_HAL_Driver/Src/stm32f4xx_hal_cortex.o
 .ARM.attributes
                0x00000000000001df       0x34 ./Drivers/STM32F4xx_HAL_Driver/Src/stm32f4xx_hal_dma.o
 .ARM.attributes
                0x0000000000000213       0x34 ./Drivers/STM32F4xx_HAL_Driver/Src/stm32f4xx_hal_gpio.o
 .ARM.attributes
                0x0000000000000247       0x34 ./Drivers/STM32F4xx_HAL_Driver/Src/stm32f4xx_hal_i2c.o
 .ARM.attributes
                0x000000000000027b       0x34 ./Drivers/STM32F4xx_HAL_Driver/Src/stm32f4xx_hal_i2s.o
 .ARM.attributes
                0x00000000000002af       0x34 ./Drivers/STM32F4xx_HAL_Driver/Src/stm32f4xx_hal_i2s_ex.o
 .ARM.attributes
                0x00000000000002e3       0x34 ./Drivers/STM32F4xx_HAL_Driver/Src/stm32f4xx_hal_pcd.o
 .ARM.attributes
                0x0000000000000317       0x34 ./Drivers/STM32F4xx_HAL_Driver/Src/stm32f4xx_hal_pcd_ex.o
 .ARM.attributes
                0x000000000000034b       0x34 ./Drivers/STM32F4xx_HAL_Driver/Src/stm32f4xx_hal_rcc.o
 .ARM.attributes
                0x000000000000037f       0x34 ./Drivers/STM32F4xx_HAL_Driver/Src/stm32f4xx_hal_rcc_ex.o
 .ARM.attributes
                0x00000000000003b3       0x34 ./Drivers/STM32F4xx_HAL_Driver/Src/stm32f4xx_hal_tim.o
 .ARM.attributes
                0x00000000000003e7       0x34 ./Drivers/STM32F4xx_HAL_Driver/Src/stm32f4xx_hal_tim_ex.o
 .ARM.attributes
                0x000000000000041b       0x34 ./Drivers/STM32F4xx_HAL_Driver/Src/stm32f4xx_ll_usb.o
 .ARM.attributes
                0x000000000000044f       0x34 ./Middlewares/ST/STM32_USB_Device_Library/Class/AUDIO/Src/usbd_audio.o
 .ARM.attributes
                0x0000000000000483       0x34 ./Middlewares/ST/STM32_USB_Device_Library/Core/Src/usbd_core.o
 .ARM.attributes
                0x00000000000004b7       0x34 ./Middlewares/ST/STM32_USB_Device_Library/Core/Src/usbd_ctlreq.o
 .ARM.attributes
                0x00000000000004eb       0x34 ./Middlewares/ST/STM32_USB_Device_Library/Core/Src/usbd_ioreq.o
 .ARM.attributes
                0x000000000000051f       0x34 ./USB_DEVICE/App/usb_device.o
 .ARM.attributes
                0x0000000000000553       0x34 ./USB_DEVICE/App/usbd_audio_if.o
 .ARM.attributes
                0x0000000000000587       0x34 ./USB_DEVICE/App/usbd_desc.o
 .ARM.attributes
                0x00000000000005bb       0x34 ./USB_DEVICE/Target/usbd_conf.o
 .ARM.attributes
                0x00000000000005ef       0x34 C:/ST/STM32CubeIDE_1.13.2/STM32CubeIDE/plugins/com.st.stm32cube.ide.mcu.externaltools.gnu-tools-for-stm32.11.3.rel1.win32_1.1.1.202309131626/tools/bin/../lib/gcc/arm-none-eabi/11.3.1/../../../../arm-none-eabi/lib/thumb/v7e-m+fp/hard\libc_nano.a(libc_a-memset.o)
 .ARM.attributes
                0x0000000000000623       0x34 C:/ST/STM32CubeIDE_1.13.2/STM32CubeIDE/plugins/com.st.stm32cube.ide.mcu.externaltools.gnu-tools-for-stm32.11.3.rel1.win32_1.1.1.202309131626/tools/bin/../lib/gcc/arm-none-eabi/11.3.1/../../../../arm-none-eabi/lib/thumb/v7e-m+fp/hard\libc_nano.a(libc_a-init.o)
 .ARM.attributes
                0x0000000000000657       0x1e C:/ST/STM32CubeIDE_1.13.2/STM32CubeIDE/plugins/com.st.stm32cube.ide.mcu.externaltools.gnu-tools-for-stm32.11.3.rel1.win32_1.1.1.202309131626/tools/bin/../lib/gcc/arm-none-eabi/11.3.1/thumb/v7e-m+fp/hard\libgcc.a(_aeabi_uldivmod.o)
 .ARM.attributes
                0x0000000000000675       0x34 C:/ST/STM32CubeIDE_1.13.2/STM32CubeIDE/plugins/com.st.stm32cube.ide.mcu.externaltools.gnu-tools-for-stm32.11.3.rel1.win32_1.1.1.202309131626/tools/bin/../lib/gcc/arm-none-eabi/11.3.1/thumb/v7e-m+fp/hard\libgcc.a(_udivmoddi4.o)
 .ARM.attributes
                0x00000000000006a9       0x1e C:/ST/STM32CubeIDE_1.13.2/STM32CubeIDE/plugins/com.st.stm32cube.ide.mcu.externaltools.gnu-tools-for-stm32.11.3.rel1.win32_1.1.1.202309131626/tools/bin/../lib/gcc/arm-none-eabi/11.3.1/thumb/v7e-m+fp/hard\libgcc.a(_dvmd_tls.o)
 .ARM.attributes
                0x00000000000006c7       0x1e C:/ST/STM32CubeIDE_1.13.2/STM32CubeIDE/plugins/com.st.stm32cube.ide.mcu.externaltools.gnu-tools-for-stm32.11.3.rel1.win32_1.1.1.202309131626/tools/bin/../lib/gcc/arm-none-eabi/11.3.1/thumb/v7e-m+fp/hard/crtn.o
OUTPUT(Sound_card_ALT.elf elf32-littlearm)
LOAD linker stubs
LOAD C:/ST/STM32CubeIDE_1.13.2/STM32CubeIDE/plugins/com.st.stm32cube.ide.mcu.externaltools.gnu-tools-for-stm32.11.3.rel1.win32_1.1.1.202309131626/tools/bin/../lib/gcc/arm-none-eabi/11.3.1/../../../../arm-none-eabi/lib/thumb/v7e-m+fp/hard\libc.a
LOAD C:/ST/STM32CubeIDE_1.13.2/STM32CubeIDE/plugins/com.st.stm32cube.ide.mcu.externaltools.gnu-tools-for-stm32.11.3.rel1.win32_1.1.1.202309131626/tools/bin/../lib/gcc/arm-none-eabi/11.3.1/../../../../arm-none-eabi/lib/thumb/v7e-m+fp/hard\libm.a
LOAD C:/ST/STM32CubeIDE_1.13.2/STM32CubeIDE/plugins/com.st.stm32cube.ide.mcu.externaltools.gnu-tools-for-stm32.11.3.rel1.win32_1.1.1.202309131626/tools/bin/../lib/gcc/arm-none-eabi/11.3.1/thumb/v7e-m+fp/hard\libgcc.a

.comment        0x0000000000000000       0x43
 .comment       0x0000000000000000       0x43 C:/ST/STM32CubeIDE_1.13.2/STM32CubeIDE/plugins/com.st.stm32cube.ide.mcu.externaltools.gnu-tools-for-stm32.11.3.rel1.win32_1.1.1.202309131626/tools/bin/../lib/gcc/arm-none-eabi/11.3.1/thumb/v7e-m+fp/hard/crtbegin.o
                                         0x44 (size before relaxing)
 .comment       0x0000000000000043       0x44 ./Core/Src/cs43l22.o
 .comment       0x0000000000000043       0x44 ./Core/Src/main.o
 .comment       0x0000000000000043       0x44 ./Core/Src/stm32f4xx_hal_msp.o
 .comment       0x0000000000000043       0x44 ./Core/Src/stm32f4xx_it.o
 .comment       0x0000000000000043       0x44 ./Core/Src/system_stm32f4xx.o
 .comment       0x0000000000000043       0x44 ./Drivers/STM32F4xx_HAL_Driver/Src/stm32f4xx_hal.o
 .comment       0x0000000000000043       0x44 ./Drivers/STM32F4xx_HAL_Driver/Src/stm32f4xx_hal_cortex.o
 .comment       0x0000000000000043       0x44 ./Drivers/STM32F4xx_HAL_Driver/Src/stm32f4xx_hal_dma.o
 .comment       0x0000000000000043       0x44 ./Drivers/STM32F4xx_HAL_Driver/Src/stm32f4xx_hal_gpio.o
 .comment       0x0000000000000043       0x44 ./Drivers/STM32F4xx_HAL_Driver/Src/stm32f4xx_hal_i2c.o
 .comment       0x0000000000000043       0x44 ./Drivers/STM32F4xx_HAL_Driver/Src/stm32f4xx_hal_i2s.o
 .comment       0x0000000000000043       0x44 ./Drivers/STM32F4xx_HAL_Driver/Src/stm32f4xx_hal_i2s_ex.o
 .comment       0x0000000000000043       0x44 ./Drivers/STM32F4xx_HAL_Driver/Src/stm32f4xx_hal_pcd.o
 .comment       0x0000000000000043       0x44 ./Drivers/STM32F4xx_HAL_Driver/Src/stm32f4xx_hal_pcd_ex.o
 .comment       0x0000000000000043       0x44 ./Drivers/STM32F4xx_HAL_Driver/Src/stm32f4xx_hal_rcc.o
 .comment       0x0000000000000043       0x44 ./Drivers/STM32F4xx_HAL_Driver/Src/stm32f4xx_hal_rcc_ex.o
 .comment       0x0000000000000043       0x44 ./Drivers/STM32F4xx_HAL_Driver/Src/stm32f4xx_hal_tim.o
 .comment       0x0000000000000043       0x44 ./Drivers/STM32F4xx_HAL_Driver/Src/stm32f4xx_hal_tim_ex.o
 .comment       0x0000000000000043       0x44 ./Drivers/STM32F4xx_HAL_Driver/Src/stm32f4xx_ll_usb.o
 .comment       0x0000000000000043       0x44 ./Middlewares/ST/STM32_USB_Device_Library/Class/AUDIO/Src/usbd_audio.o
 .comment       0x0000000000000043       0x44 ./Middlewares/ST/STM32_USB_Device_Library/Core/Src/usbd_core.o
 .comment       0x0000000000000043       0x44 ./Middlewares/ST/STM32_USB_Device_Library/Core/Src/usbd_ctlreq.o
 .comment       0x0000000000000043       0x44 ./Middlewares/ST/STM32_USB_Device_Library/Core/Src/usbd_ioreq.o
 .comment       0x0000000000000043       0x44 ./USB_DEVICE/App/usb_device.o
 .comment       0x0000000000000043       0x44 ./USB_DEVICE/App/usbd_audio_if.o
 .comment       0x0000000000000043       0x44 ./USB_DEVICE/App/usbd_desc.o
 .comment       0x0000000000000043       0x44 ./USB_DEVICE/Target/usbd_conf.o

.debug_info     0x0000000000000000    0x1893f
 .debug_info    0x0000000000000000      0xcd7 ./Core/Src/cs43l22.o
 .debug_info    0x0000000000000cd7     0x15e7 ./Core/Src/main.o
 .debug_info    0x00000000000022be     0x1395 ./Core/Src/stm32f4xx_hal_msp.o
 .debug_info    0x0000000000003653      0xaed ./Core/Src/stm32f4xx_it.o
 .debug_info    0x0000000000004140      0x512 ./Core/Src/system_stm32f4xx.o
 .debug_info    0x0000000000004652       0x23 ./Core/Startup/startup_stm32f407vgtx.o
 .debug_info    0x0000000000004675      0x948 ./Drivers/STM32F4xx_HAL_Driver/Src/stm32f4xx_hal.o
 .debug_info    0x0000000000004fbd      0xd46 ./Drivers/STM32F4xx_HAL_Driver/Src/stm32f4xx_hal_cortex.o
 .debug_info    0x0000000000005d03      0x8e7 ./Drivers/STM32F4xx_HAL_Driver/Src/stm32f4xx_hal_dma.o
 .debug_info    0x00000000000065ea      0x6c3 ./Drivers/STM32F4xx_HAL_Driver/Src/stm32f4xx_hal_gpio.o
 .debug_info    0x0000000000006cad     0x23e1 ./Drivers/STM32F4xx_HAL_Driver/Src/stm32f4xx_hal_i2c.o
 .debug_info    0x000000000000908e      0xdf8 ./Drivers/STM32F4xx_HAL_Driver/Src/stm32f4xx_hal_i2s.o
 .debug_info    0x0000000000009e86      0xaeb ./Drivers/STM32F4xx_HAL_Driver/Src/stm32f4xx_hal_i2s_ex.o
 .debug_info    0x000000000000a971     0x1541 ./Drivers/STM32F4xx_HAL_Driver/Src/stm32f4xx_hal_pcd.o
 .debug_info    0x000000000000beb2      0x6d2 ./Drivers/STM32F4xx_HAL_Driver/Src/stm32f4xx_hal_pcd_ex.o
 .debug_info    0x000000000000c584      0x8b1 ./Drivers/STM32F4xx_HAL_Driver/Src/stm32f4xx_hal_rcc.o
 .debug_info    0x000000000000ce35      0x53a ./Drivers/STM32F4xx_HAL_Driver/Src/stm32f4xx_hal_rcc_ex.o
 .debug_info    0x000000000000d36f     0x2948 ./Drivers/STM32F4xx_HAL_Driver/Src/stm32f4xx_hal_tim.o
 .debug_info    0x000000000000fcb7     0x14ae ./Drivers/STM32F4xx_HAL_Driver/Src/stm32f4xx_hal_tim_ex.o
 .debug_info    0x0000000000011165     0x18f6 ./Drivers/STM32F4xx_HAL_Driver/Src/stm32f4xx_ll_usb.o
 .debug_info    0x0000000000012a5b      0xe7c ./Middlewares/ST/STM32_USB_Device_Library/Class/AUDIO/Src/usbd_audio.o
 .debug_info    0x00000000000138d7      0xe05 ./Middlewares/ST/STM32_USB_Device_Library/Core/Src/usbd_core.o
 .debug_info    0x00000000000146dc      0xade ./Middlewares/ST/STM32_USB_Device_Library/Core/Src/usbd_ctlreq.o
 .debug_info    0x00000000000151ba      0x755 ./Middlewares/ST/STM32_USB_Device_Library/Core/Src/usbd_ioreq.o
 .debug_info    0x000000000001590f      0x72c ./USB_DEVICE/App/usb_device.o
 .debug_info    0x000000000001603b      0x862 ./USB_DEVICE/App/usbd_audio_if.o
 .debug_info    0x000000000001689d      0x458 ./USB_DEVICE/App/usbd_desc.o
 .debug_info    0x0000000000016cf5     0x1c4a ./USB_DEVICE/Target/usbd_conf.o

.debug_abbrev   0x0000000000000000     0x3ec7
 .debug_abbrev  0x0000000000000000      0x22d ./Core/Src/cs43l22.o
 .debug_abbrev  0x000000000000022d      0x2f5 ./Core/Src/main.o
 .debug_abbrev  0x0000000000000522      0x254 ./Core/Src/stm32f4xx_hal_msp.o
 .debug_abbrev  0x0000000000000776      0x1d5 ./Core/Src/stm32f4xx_it.o
 .debug_abbrev  0x000000000000094b      0x11a ./Core/Src/system_stm32f4xx.o
 .debug_abbrev  0x0000000000000a65       0x12 ./Core/Startup/startup_stm32f407vgtx.o
 .debug_abbrev  0x0000000000000a77      0x213 ./Drivers/STM32F4xx_HAL_Driver/Src/stm32f4xx_hal.o
 .debug_abbrev  0x0000000000000c8a      0x327 ./Drivers/STM32F4xx_HAL_Driver/Src/stm32f4xx_hal_cortex.o
 .debug_abbrev  0x0000000000000fb1      0x264 ./Drivers/STM32F4xx_HAL_Driver/Src/stm32f4xx_hal_dma.o
 .debug_abbrev  0x0000000000001215      0x1d4 ./Drivers/STM32F4xx_HAL_Driver/Src/stm32f4xx_hal_gpio.o
 .debug_abbrev  0x00000000000013e9      0x2ad ./Drivers/STM32F4xx_HAL_Driver/Src/stm32f4xx_hal_i2c.o
 .debug_abbrev  0x0000000000001696      0x256 ./Drivers/STM32F4xx_HAL_Driver/Src/stm32f4xx_hal_i2s.o
 .debug_abbrev  0x00000000000018ec      0x288 ./Drivers/STM32F4xx_HAL_Driver/Src/stm32f4xx_hal_i2s_ex.o
 .debug_abbrev  0x0000000000001b74      0x2d0 ./Drivers/STM32F4xx_HAL_Driver/Src/stm32f4xx_hal_pcd.o
 .debug_abbrev  0x0000000000001e44      0x1da ./Drivers/STM32F4xx_HAL_Driver/Src/stm32f4xx_hal_pcd_ex.o
 .debug_abbrev  0x000000000000201e      0x2b6 ./Drivers/STM32F4xx_HAL_Driver/Src/stm32f4xx_hal_rcc.o
 .debug_abbrev  0x00000000000022d4      0x1af ./Drivers/STM32F4xx_HAL_Driver/Src/stm32f4xx_hal_rcc_ex.o
 .debug_abbrev  0x0000000000002483      0x271 ./Drivers/STM32F4xx_HAL_Driver/Src/stm32f4xx_hal_tim.o
 .debug_abbrev  0x00000000000026f4      0x27c ./Drivers/STM32F4xx_HAL_Driver/Src/stm32f4xx_hal_tim_ex.o
 .debug_abbrev  0x0000000000002970      0x2ac ./Drivers/STM32F4xx_HAL_Driver/Src/stm32f4xx_ll_usb.o
 .debug_abbrev  0x0000000000002c1c      0x316 ./Middlewares/ST/STM32_USB_Device_Library/Class/AUDIO/Src/usbd_audio.o
 .debug_abbrev  0x0000000000002f32      0x27c ./Middlewares/ST/STM32_USB_Device_Library/Core/Src/usbd_core.o
 .debug_abbrev  0x00000000000031ae      0x26f ./Middlewares/ST/STM32_USB_Device_Library/Core/Src/usbd_ctlreq.o
 .debug_abbrev  0x000000000000341d      0x19a ./Middlewares/ST/STM32_USB_Device_Library/Core/Src/usbd_ioreq.o
 .debug_abbrev  0x00000000000035b7      0x1d0 ./USB_DEVICE/App/usb_device.o
 .debug_abbrev  0x0000000000003787      0x217 ./USB_DEVICE/App/usbd_audio_if.o
 .debug_abbrev  0x000000000000399e      0x1e1 ./USB_DEVICE/App/usbd_desc.o
 .debug_abbrev  0x0000000000003b7f      0x348 ./USB_DEVICE/Target/usbd_conf.o

.debug_aranges  0x0000000000000000     0x1688
 .debug_aranges
                0x0000000000000000       0x88 ./Core/Src/cs43l22.o
 .debug_aranges
                0x0000000000000088       0x58 ./Core/Src/main.o
 .debug_aranges
                0x00000000000000e0       0x50 ./Core/Src/stm32f4xx_hal_msp.o
 .debug_aranges
                0x0000000000000130       0x78 ./Core/Src/stm32f4xx_it.o
 .debug_aranges
                0x00000000000001a8       0x28 ./Core/Src/system_stm32f4xx.o
 .debug_aranges
                0x00000000000001d0       0x28 ./Core/Startup/startup_stm32f407vgtx.o
 .debug_aranges
                0x00000000000001f8       0xf0 ./Drivers/STM32F4xx_HAL_Driver/Src/stm32f4xx_hal.o
 .debug_aranges
                0x00000000000002e8      0x118 ./Drivers/STM32F4xx_HAL_Driver/Src/stm32f4xx_hal_cortex.o
 .debug_aranges
                0x0000000000000400       0x90 ./Drivers/STM32F4xx_HAL_Driver/Src/stm32f4xx_hal_dma.o
 .debug_aranges
                0x0000000000000490       0x58 ./Drivers/STM32F4xx_HAL_Driver/Src/stm32f4xx_hal_gpio.o
 .debug_aranges
                0x00000000000004e8      0x2a0 ./Drivers/STM32F4xx_HAL_Driver/Src/stm32f4xx_hal_i2c.o
 .debug_aranges
                0x0000000000000788      0x108 ./Drivers/STM32F4xx_HAL_Driver/Src/stm32f4xx_hal_i2s.o
 .debug_aranges
                0x0000000000000890       0x88 ./Drivers/STM32F4xx_HAL_Driver/Src/stm32f4xx_hal_i2s_ex.o
 .debug_aranges
                0x0000000000000918      0x148 ./Drivers/STM32F4xx_HAL_Driver/Src/stm32f4xx_hal_pcd.o
 .debug_aranges
                0x0000000000000a60       0x38 ./Drivers/STM32F4xx_HAL_Driver/Src/stm32f4xx_hal_pcd_ex.o
 .debug_aranges
                0x0000000000000a98       0x88 ./Drivers/STM32F4xx_HAL_Driver/Src/stm32f4xx_hal_rcc.o
 .debug_aranges
                0x0000000000000b20       0x48 ./Drivers/STM32F4xx_HAL_Driver/Src/stm32f4xx_hal_rcc_ex.o
 .debug_aranges
                0x0000000000000b68      0x3d0 ./Drivers/STM32F4xx_HAL_Driver/Src/stm32f4xx_hal_tim.o
 .debug_aranges
                0x0000000000000f38      0x168 ./Drivers/STM32F4xx_HAL_Driver/Src/stm32f4xx_hal_tim_ex.o
 .debug_aranges
                0x00000000000010a0      0x1a0 ./Drivers/STM32F4xx_HAL_Driver/Src/stm32f4xx_ll_usb.o
 .debug_aranges
                0x0000000000001240       0xa0 ./Middlewares/ST/STM32_USB_Device_Library/Class/AUDIO/Src/usbd_audio.o
 .debug_aranges
                0x00000000000012e0       0xd8 ./Middlewares/ST/STM32_USB_Device_Library/Core/Src/usbd_core.o
 .debug_aranges
                0x00000000000013b8       0x90 ./Middlewares/ST/STM32_USB_Device_Library/Core/Src/usbd_ctlreq.o
 .debug_aranges
                0x0000000000001448       0x50 ./Middlewares/ST/STM32_USB_Device_Library/Core/Src/usbd_ioreq.o
 .debug_aranges
                0x0000000000001498       0x20 ./USB_DEVICE/App/usb_device.o
 .debug_aranges
                0x00000000000014b8       0x60 ./USB_DEVICE/App/usbd_audio_if.o
 .debug_aranges
                0x0000000000001518       0x60 ./USB_DEVICE/App/usbd_desc.o
 .debug_aranges
                0x0000000000001578      0x110 ./USB_DEVICE/Target/usbd_conf.o

.debug_rnglists
                0x0000000000000000     0x1161
 .debug_rnglists
                0x0000000000000000       0x63 ./Core/Src/cs43l22.o
 .debug_rnglists
                0x0000000000000063       0x40 ./Core/Src/main.o
 .debug_rnglists
                0x00000000000000a3       0x39 ./Core/Src/stm32f4xx_hal_msp.o
 .debug_rnglists
                0x00000000000000dc       0x55 ./Core/Src/stm32f4xx_it.o
 .debug_rnglists
                0x0000000000000131       0x1a ./Core/Src/system_stm32f4xx.o
 .debug_rnglists
                0x000000000000014b       0x19 ./Core/Startup/startup_stm32f407vgtx.o
 .debug_rnglists
                0x0000000000000164       0xaf ./Drivers/STM32F4xx_HAL_Driver/Src/stm32f4xx_hal.o
 .debug_rnglists
                0x0000000000000213       0xce ./Drivers/STM32F4xx_HAL_Driver/Src/stm32f4xx_hal_cortex.o
 .debug_rnglists
                0x00000000000002e1       0x70 ./Drivers/STM32F4xx_HAL_Driver/Src/stm32f4xx_hal_dma.o
 .debug_rnglists
                0x0000000000000351       0x3f ./Drivers/STM32F4xx_HAL_Driver/Src/stm32f4xx_hal_gpio.o
 .debug_rnglists
                0x0000000000000390      0x235 ./Drivers/STM32F4xx_HAL_Driver/Src/stm32f4xx_hal_i2c.o
 .debug_rnglists
                0x00000000000005c5       0xcc ./Drivers/STM32F4xx_HAL_Driver/Src/stm32f4xx_hal_i2s.o
 .debug_rnglists
                0x0000000000000691       0x6a ./Drivers/STM32F4xx_HAL_Driver/Src/stm32f4xx_hal_i2s_ex.o
 .debug_rnglists
                0x00000000000006fb       0xfc ./Drivers/STM32F4xx_HAL_Driver/Src/stm32f4xx_hal_pcd.o
 .debug_rnglists
                0x00000000000007f7       0x26 ./Drivers/STM32F4xx_HAL_Driver/Src/stm32f4xx_hal_pcd_ex.o
 .debug_rnglists
                0x000000000000081d       0x66 ./Drivers/STM32F4xx_HAL_Driver/Src/stm32f4xx_hal_rcc.o
 .debug_rnglists
                0x0000000000000883       0x35 ./Drivers/STM32F4xx_HAL_Driver/Src/stm32f4xx_hal_rcc_ex.o
 .debug_rnglists
                0x00000000000008b8      0x31a ./Drivers/STM32F4xx_HAL_Driver/Src/stm32f4xx_hal_tim.o
 .debug_rnglists
                0x0000000000000bd2      0x125 ./Drivers/STM32F4xx_HAL_Driver/Src/stm32f4xx_hal_tim_ex.o
 .debug_rnglists
                0x0000000000000cf7      0x148 ./Drivers/STM32F4xx_HAL_Driver/Src/stm32f4xx_ll_usb.o
 .debug_rnglists
                0x0000000000000e3f       0x7a ./Middlewares/ST/STM32_USB_Device_Library/Class/AUDIO/Src/usbd_audio.o
 .debug_rnglists
                0x0000000000000eb9       0xa1 ./Middlewares/ST/STM32_USB_Device_Library/Core/Src/usbd_core.o
 .debug_rnglists
                0x0000000000000f5a       0x6e ./Middlewares/ST/STM32_USB_Device_Library/Core/Src/usbd_ctlreq.o
 .debug_rnglists
                0x0000000000000fc8       0x37 ./Middlewares/ST/STM32_USB_Device_Library/Core/Src/usbd_ioreq.o
 .debug_rnglists
                0x0000000000000fff       0x13 ./USB_DEVICE/App/usb_device.o
 .debug_rnglists
                0x0000000000001012       0x43 ./USB_DEVICE/App/usbd_audio_if.o
 .debug_rnglists
                0x0000000000001055       0x43 ./USB_DEVICE/App/usbd_desc.o
 .debug_rnglists
                0x0000000000001098       0xc9 ./USB_DEVICE/Target/usbd_conf.o

.debug_macro    0x0000000000000000    0x24f4e
 .debug_macro   0x0000000000000000      0x311 ./Core/Src/cs43l22.o
 .debug_macro   0x0000000000000311      0xaa8 ./Core/Src/cs43l22.o
 .debug_macro   0x0000000000000db9      0x2a7 ./Core/Src/cs43l22.o
 .debug_macro   0x0000000000001060       0x2e ./Core/Src/cs43l22.o
 .debug_macro   0x000000000000108e       0x2f ./Core/Src/cs43l22.o
 .debug_macro   0x00000000000010bd       0x22 ./Core/Src/cs43l22.o
 .debug_macro   0x00000000000010df       0x8e ./Core/Src/cs43l22.o
 .debug_macro   0x000000000000116d       0x51 ./Core/Src/cs43l22.o
 .debug_macro   0x00000000000011be      0x103 ./Core/Src/cs43l22.o
 .debug_macro   0x00000000000012c1       0x6a ./Core/Src/cs43l22.o
 .debug_macro   0x000000000000132b      0x1df ./Core/Src/cs43l22.o
 .debug_macro   0x000000000000150a       0x1c ./Core/Src/cs43l22.o
 .debug_macro   0x0000000000001526       0x22 ./Core/Src/cs43l22.o
 .debug_macro   0x0000000000001548       0xd9 ./Core/Src/cs43l22.o
 .debug_macro   0x0000000000001621     0x102d ./Core/Src/cs43l22.o
 .debug_macro   0x000000000000264e      0x11f ./Core/Src/cs43l22.o
 .debug_macro   0x000000000000276d    0x15e82 ./Core/Src/cs43l22.o
 .debug_macro   0x00000000000185ef       0x6d ./Core/Src/cs43l22.o
 .debug_macro   0x000000000001865c     0x367e ./Core/Src/cs43l22.o
 .debug_macro   0x000000000001bcda      0x174 ./Core/Src/cs43l22.o
 .debug_macro   0x000000000001be4e       0x5c ./Core/Src/cs43l22.o
 .debug_macro   0x000000000001beaa      0x96b ./Core/Src/cs43l22.o
 .debug_macro   0x000000000001c815      0x9fe ./Core/Src/cs43l22.o
 .debug_macro   0x000000000001d213      0x115 ./Core/Src/cs43l22.o
 .debug_macro   0x000000000001d328      0x13e ./Core/Src/cs43l22.o
 .debug_macro   0x000000000001d466       0xa5 ./Core/Src/cs43l22.o
 .debug_macro   0x000000000001d50b      0x174 ./Core/Src/cs43l22.o
 .debug_macro   0x000000000001d67f      0x287 ./Core/Src/cs43l22.o
 .debug_macro   0x000000000001d906       0x5f ./Core/Src/cs43l22.o
 .debug_macro   0x000000000001d965      0x236 ./Core/Src/cs43l22.o
 .debug_macro   0x000000000001db9b      0x12c ./Core/Src/cs43l22.o
 .debug_macro   0x000000000001dcc7      0x21e ./Core/Src/cs43l22.o
 .debug_macro   0x000000000001dee5       0x2e ./Core/Src/cs43l22.o
 .debug_macro   0x000000000001df13      0x1b5 ./Core/Src/cs43l22.o
 .debug_macro   0x000000000001e0c8       0xd6 ./Core/Src/cs43l22.o
 .debug_macro   0x000000000001e19e      0x1a7 ./Core/Src/cs43l22.o
 .debug_macro   0x000000000001e345       0x46 ./Core/Src/cs43l22.o
 .debug_macro   0x000000000001e38b       0x4a ./Core/Src/cs43l22.o
 .debug_macro   0x000000000001e3d5      0x11a ./Core/Src/cs43l22.o
 .debug_macro   0x000000000001e4ef       0x7e ./Core/Src/cs43l22.o
 .debug_macro   0x000000000001e56d       0x89 ./Core/Src/cs43l22.o
 .debug_macro   0x000000000001e5f6      0x8e6 ./Core/Src/cs43l22.o
 .debug_macro   0x000000000001eedc       0x47 ./Core/Src/cs43l22.o
 .debug_macro   0x000000000001ef23      0x248 ./Core/Src/cs43l22.o
 .debug_macro   0x000000000001f16b       0xba ./Core/Src/cs43l22.o
 .debug_macro   0x000000000001f225      0x12d ./Core/Src/cs43l22.o
 .debug_macro   0x000000000001f352      0x190 ./Core/Src/cs43l22.o
 .debug_macro   0x000000000001f4e2       0xee ./Core/Src/cs43l22.o
 .debug_macro   0x000000000001f5d0       0x61 ./Core/Src/cs43l22.o
 .debug_macro   0x000000000001f631       0x2a ./Core/Src/cs43l22.o
 .debug_macro   0x000000000001f65b       0x43 ./Core/Src/cs43l22.o
 .debug_macro   0x000000000001f69e       0x34 ./Core/Src/cs43l22.o
 .debug_macro   0x000000000001f6d2       0x16 ./Core/Src/cs43l22.o
 .debug_macro   0x000000000001f6e8       0x35 ./Core/Src/cs43l22.o
 .debug_macro   0x000000000001f71d      0x369 ./Core/Src/cs43l22.o
 .debug_macro   0x000000000001fa86       0x10 ./Core/Src/cs43l22.o
 .debug_macro   0x000000000001fa96       0x16 ./Core/Src/cs43l22.o
 .debug_macro   0x000000000001faac       0x43 ./Core/Src/cs43l22.o
 .debug_macro   0x000000000001faef       0x34 ./Core/Src/cs43l22.o
 .debug_macro   0x000000000001fb23       0x10 ./Core/Src/cs43l22.o
 .debug_macro   0x000000000001fb33       0x58 ./Core/Src/cs43l22.o
 .debug_macro   0x000000000001fb8b       0x8e ./Core/Src/cs43l22.o
 .debug_macro   0x000000000001fc19       0x1c ./Core/Src/cs43l22.o
 .debug_macro   0x000000000001fc35      0x177 ./Core/Src/cs43l22.o
 .debug_macro   0x000000000001fdac       0x16 ./Core/Src/cs43l22.o
 .debug_macro   0x000000000001fdc2       0x16 ./Core/Src/cs43l22.o
 .debug_macro   0x000000000001fdd8      0x147 ./Core/Src/cs43l22.o
 .debug_macro   0x000000000001ff1f      0x3a1 ./Core/Src/main.o
 .debug_macro   0x00000000000202c0       0x16 ./Core/Src/main.o
 .debug_macro   0x00000000000202d6       0x16 ./Core/Src/main.o
 .debug_macro   0x00000000000202ec       0x29 ./Core/Src/main.o
 .debug_macro   0x0000000000020315       0x16 ./Core/Src/main.o
 .debug_macro   0x000000000002032b       0x20 ./Core/Src/main.o
 .debug_macro   0x000000000002034b       0x6b ./Core/Src/main.o
 .debug_macro   0x00000000000203b6      0x20f ./Core/Src/main.o
 .debug_macro   0x00000000000205c5      0x22a ./Core/Src/stm32f4xx_hal_msp.o
 .debug_macro   0x00000000000207ef      0x234 ./Core/Src/stm32f4xx_it.o
 .debug_macro   0x0000000000020a23      0x21b ./Core/Src/system_stm32f4xx.o
 .debug_macro   0x0000000000020c3e      0x27b ./Drivers/STM32F4xx_HAL_Driver/Src/stm32f4xx_hal.o
 .debug_macro   0x0000000000020eb9      0x21b ./Drivers/STM32F4xx_HAL_Driver/Src/stm32f4xx_hal_cortex.o
 .debug_macro   0x00000000000210d4      0x221 ./Drivers/STM32F4xx_HAL_Driver/Src/stm32f4xx_hal_dma.o
 .debug_macro   0x00000000000212f5      0x221 ./Drivers/STM32F4xx_HAL_Driver/Src/stm32f4xx_hal_gpio.o
 .debug_macro   0x0000000000021516      0x262 ./Drivers/STM32F4xx_HAL_Driver/Src/stm32f4xx_hal_i2c.o
 .debug_macro   0x0000000000021778      0x223 ./Drivers/STM32F4xx_HAL_Driver/Src/stm32f4xx_hal_i2s.o
 .debug_macro   0x000000000002199b      0x21b ./Drivers/STM32F4xx_HAL_Driver/Src/stm32f4xx_hal_i2s_ex.o
 .debug_macro   0x0000000000021bb6      0x227 ./Drivers/STM32F4xx_HAL_Driver/Src/stm32f4xx_hal_pcd.o
 .debug_macro   0x0000000000021ddd      0x21b ./Drivers/STM32F4xx_HAL_Driver/Src/stm32f4xx_hal_pcd_ex.o